Component: ARM Compiler 5.06 update 6 (build 750) Tool: armlink [4d35ed]

==============================================================================

Section Cross References

    main.o(i.Gsm_HttpPost) refers to rak_uart_gsm.o(i.Gsm_OpenSocketCmd) for Gsm_OpenSocketCmd
    main.o(i.Gsm_HttpPost) refers to rak_uart_gsm.o(i.Gsm_CloseSocketCmd) for Gsm_CloseSocketCmd
    main.o(i.Gsm_HttpPost) refers to malloc.o(i.malloc) for malloc
    main.o(i.Gsm_HttpPost) refers to printfa.o(i.__0sprintf) for __2sprintf
    main.o(i.Gsm_HttpPost) refers to rak_uart_gsm.o(i.Gsm_SendDataCmd) for Gsm_SendDataCmd
    main.o(i.Gsm_HttpPost) refers to main.o(i.log_level_str) for log_level_str
    main.o(i.Gsm_HttpPost) refers to bsp_itracker.o(i.get_stamp) for get_stamp
    main.o(i.Gsm_HttpPost) refers to segger_rtt_printf.o(i.SEGGER_RTT_printf) for SEGGER_RTT_printf
    main.o(i.Gsm_HttpPost) refers to malloc.o(i.free) for free
    main.o(i.Gsm_HttpPost) refers to main.o(.conststring) for .conststring
    main.o(i.Gsm_HttpRsp) refers to malloc.o(i.malloc) for malloc
    main.o(i.Gsm_HttpRsp) refers to rak_uart_gsm.o(i.Gsm_RecvData) for Gsm_RecvData
    main.o(i.Gsm_HttpRsp) refers to main.o(i.log_level_str) for log_level_str
    main.o(i.Gsm_HttpRsp) refers to bsp_itracker.o(i.get_stamp) for get_stamp
    main.o(i.Gsm_HttpRsp) refers to segger_rtt_printf.o(i.SEGGER_RTT_printf) for SEGGER_RTT_printf
    main.o(i.Gsm_HttpRsp) refers to malloc.o(i.free) for free
    main.o(i.Gsm_HttpRsp) refers to rak_uart_gsm.o(i.Gsm_CloseSocketCmd) for Gsm_CloseSocketCmd
    main.o(i.Gsm_Init) refers to main.o(i.log_level_str) for log_level_str
    main.o(i.Gsm_Init) refers to bsp_itracker.o(i.get_stamp) for get_stamp
    main.o(i.Gsm_Init) refers to segger_rtt_printf.o(i.SEGGER_RTT_printf) for SEGGER_RTT_printf
    main.o(i.Gsm_Init) refers to rak_uart_gsm.o(i.Gsm_CheckAutoBaud) for Gsm_CheckAutoBaud
    main.o(i.Gsm_Init) refers to rak_uart_gsm.o(i.Gsm_SetEchoCmd) for Gsm_SetEchoCmd
    main.o(i.Gsm_Init) refers to rak_uart_gsm.o(i.gps_config) for gps_config
    main.o(i.Gsm_Init) refers to rak_uart_gsm.o(i.delay_ms) for delay_ms
    main.o(i.Gsm_Init) refers to rak_uart_gsm.o(i.Gsm_CheckSimCmd) for Gsm_CheckSimCmd
    main.o(i.Gsm_Init) refers to rak_uart_gsm.o(i.Gsm_nb_iot_config) for Gsm_nb_iot_config
    main.o(i.assert_nrf_callback) refers to app_error_handler_keil.o(.emb_text) for app_error_handler
    main.o(i.demo_timeout_handler) refers to main.o(i.log_level_str) for log_level_str
    main.o(i.demo_timeout_handler) refers to bsp_itracker.o(i.get_stamp) for get_stamp
    main.o(i.demo_timeout_handler) refers to segger_rtt_printf.o(i.SEGGER_RTT_printf) for SEGGER_RTT_printf
    main.o(i.demo_timeout_handler) refers to rak_uart_gsm.o(i.gps_data_get) for gps_data_get
    main.o(i.demo_timeout_handler) refers to sensormain.o(i.sensor_collect_timer_handle) for sensor_collect_timer_handle
    main.o(i.double2str) refers to printfa.o(i.__0sprintf) for __2sprintf
    main.o(i.double2str) refers to strlen.o(.text) for strlen
    main.o(i.float2str) refers to f2d.o(.text) for __aeabi_f2d
    main.o(i.float2str) refers to printfa.o(i.__0sprintf) for __2sprintf
    main.o(i.float2str) refers to strlen.o(.text) for strlen
    main.o(i.main) refers to nrf_log_frontend.o(i.nrf_log_init) for nrf_log_init
    main.o(i.main) refers to app_error.o(i.app_error_handler_bare) for app_error_handler_bare
    main.o(i.main) refers to nrf_log_default_backends.o(i.nrf_log_default_backends_init) for nrf_log_default_backends_init
    main.o(i.main) refers to nrf_drv_clock.o(i.nrf_drv_clock_init) for nrf_drv_clock_init
    main.o(i.main) refers to blemain.o(i.ble_stack_init) for ble_stack_init
    main.o(i.main) refers to blemain.o(i.gap_params_init) for gap_params_init
    main.o(i.main) refers to blemain.o(i.gatt_init) for gatt_init
    main.o(i.main) refers to blemain.o(i.services_init) for services_init
    main.o(i.main) refers to blemain.o(i.conn_params_init) for conn_params_init
    main.o(i.main) refers to blemain.o(i.peer_manager_init) for peer_manager_init
    main.o(i.main) refers to dfutask.o(i.dfu_settings_init) for dfu_settings_init
    main.o(i.main) refers to nrf_crypto_init.o(i.nrf_crypto_init) for nrf_crypto_init
    main.o(i.main) refers to nrf_crypto_ecc.o(i.nrf_crypto_ecc_public_key_from_raw) for nrf_crypto_ecc_public_key_from_raw
    main.o(i.main) refers to bsp_itracker.o(i.Gsm_Uart_Init) for Gsm_Uart_Init
    main.o(i.main) refers to bsp_itracker.o(i.Gsm_Gpio_Init) for Gsm_Gpio_Init
    main.o(i.main) refers to rak_uart_gsm.o(i.Gsm_PowerUp) for Gsm_PowerUp
    main.o(i.main) refers to main.o(i.Gsm_Init) for Gsm_Init
    main.o(i.main) refers to sensormain.o(i.sensors_init) for sensors_init
    main.o(i.main) refers to app_timer_freertos.o(i.app_timer_init) for app_timer_init
    main.o(i.main) refers to timers.o(i.xTimerCreate) for xTimerCreate
    main.o(i.main) refers to tasks.o(i.xTaskGetTickCount) for xTaskGetTickCount
[...]
    0x0002ff2c   0x0002ff2c   0x0000000e   Code   RO         4947    i.nrf_clock_event_check  nrfx_clock.o
    0x0002ff3a   0x0002ff3a   0x00000010   Code   RO         4948    i.nrf_clock_event_clear  nrfx_clock.o
    0x0002ff4a   0x0002ff4a   0x00000006   Code   RO         9627    i.nrf_crypto_backend_micro_ecc_curve_get  micro_ecc_backend_ecc.o
    0x0002ff50   0x0002ff50   0x0000001c   Code   RO         9632    i.nrf_crypto_backend_micro_ecc_public_key_from_raw  micro_ecc_backend_ecc.o
    0x0002ff6c   0x0002ff6c   0x00000056   Code   RO         9736    i.nrf_crypto_backend_micro_ecc_verify  micro_ecc_backend_ecdsa.o
    0x0002ffc2   0x0002ffc2   0x00000002   PAD
    0x0002ffc4   0x0002ffc4   0x00000034   Code   RO         9328    i.nrf_crypto_ecc_public_key_from_raw  nrf_crypto_ecc.o
    0x0002fff8   0x0002fff8   0x00000058   Code   RO         9423    i.nrf_crypto_ecdsa_verify  nrf_crypto_ecdsa.o
    0x00030050   0x00030050   0x00000036   Code   RO         9452    i.nrf_crypto_hash_calculate  nrf_crypto_hash.o
    0x00030086   0x00030086   0x00000036   Code   RO         9453    i.nrf_crypto_hash_finalize  nrf_crypto_hash.o
    0x000300bc   0x000300bc   0x0000002c   Code   RO         9454    i.nrf_crypto_hash_init  nrf_crypto_hash.o
    0x000300e8   0x000300e8   0x0000002e   Code   RO         9455    i.nrf_crypto_hash_update  nrf_crypto_hash.o
    0x00030116   0x00030116   0x00000002   PAD
    0x00030118   0x00030118   0x00000040   Code   RO         9502    i.nrf_crypto_init   nrf_crypto_init.o
    0x00030158   0x00030158   0x0000001a   Code   RO         9547    i.nrf_crypto_internal_double_swap_endian  nrf_crypto_shared.o
    0x00030172   0x00030172   0x00000018   Code   RO         9330    i.nrf_crypto_internal_ecc_key_input_check  nrf_crypto_ecc.o
    0x0003018a   0x0003018a   0x0000001a   Code   RO         9331    i.nrf_crypto_internal_ecc_key_output_prepare  nrf_crypto_ecc.o
    0x000301a4   0x000301a4   0x00000016   Code   RO         9332    i.nrf_crypto_internal_ecc_raw_input_check  nrf_crypto_ecc.o
    0x000301ba   0x000301ba   0x00000002   PAD
    0x000301bc   0x000301bc   0x00000016   Code   RO         9549    i.nrf_crypto_internal_swap_endian  nrf_crypto_shared.o
    0x000301d2   0x000301d2   0x00000002   PAD
    0x000301d4   0x000301d4   0x00000038   Code   RO         4116    i.nrf_drv_clock_init  nrf_drv_clock.o
    0x0003020c   0x0003020c   0x00000030   Code   RO         4120    i.nrf_drv_clock_lfclk_release  nrf_drv_clock.o
    0x0003023c   0x0003023c   0x00000054   Code   RO         4121    i.nrf_drv_clock_lfclk_request  nrf_drv_clock.o
    0x00030290   0x00030290   0x0000000c   Code   RO        10469    i.nrf_drv_lis3dh_read_reg  rak_i2c_lis3dh.o
    0x0003029c   0x0003029c   0x00000010   Code   RO        10470    i.nrf_drv_lis3dh_write_reg  rak_i2c_lis3dh.o
    0x000302ac   0x000302ac   0x00000070   Code   RO         4300    i.nrf_drv_spi_init  nrf_drv_spi.o
    0x0003031c   0x0003031c   0x00000016   Code   RO        10158    i.nrf_drv_spi_transfer  rak_spi_sensor.o
    0x00030332   0x00030332   0x00000002   PAD
    0x00030334   0x00030334   0x00000028   Code   RO        10331    i.nrf_drv_twi_event_handler  rak_i2c_sensor.o
    0x0003035c   0x0003035c   0x00000040   Code   RO         4347    i.nrf_drv_twi_init  nrf_drv_twi.o
    0x0003039c   0x0003039c   0x0000000e   Code   RO        10332    i.nrf_drv_twi_tx    rak_i2c_sensor.o
    0x000303aa   0x000303aa   0x00000002   PAD
    0x000303ac   0x000303ac   0x00000068   Code   RO         4248    i.nrf_drv_uart_init  nrf_drv_uart.o
    0x00030414   0x00030414   0x00000020   Code   RO         5873    i.nrf_drv_uart_rx   app_uart_fifo.o
    0x00030434   0x00030434   0x00000020   Code   RO         5874    i.nrf_drv_uart_tx   app_uart_fifo.o
    0x00030454   0x00030454   0x0000001a   Code   RO         6174    i.nrf_fprintf       nrf_fprintf.o
    0x0003046e   0x0003046e   0x00000018   Code   RO         6175    i.nrf_fprintf_buffer_flush  nrf_fprintf.o
    0x00030486   0x00030486   0x000001da   Code   RO         6215    i.nrf_fprintf_fmt   nrf_fprintf_format.o
    0x00030660   0x00030660   0x0000012c   Code   RO         6255    i.nrf_fstorage_erase  nrf_fstorage.o
    0x0003078c   0x0003078c   0x00000088   Code   RO         6256    i.nrf_fstorage_init  nrf_fstorage.o
    0x00030814   0x00030814   0x00000050   Code   RO         6257    i.nrf_fstorage_is_busy  nrf_fstorage.o
    0x00030864   0x00030864   0x00000018   Code   RO         7268    i.nrf_fstorage_sdh_req_handler  nrf_fstorage_sd.o
    0x0003087c   0x0003087c   0x00000020   Code   RO         7269    i.nrf_fstorage_sdh_state_handler  nrf_fstorage_sd.o
    0x0003089c   0x0003089c   0x000000a4   Code   RO         7270    i.nrf_fstorage_sys_evt_handler  nrf_fstorage_sd.o
    0x00030940   0x00030940   0x000001d4   Code   RO         6262    i.nrf_fstorage_write  nrf_fstorage.o
    0x00030b14   0x00030b14   0x00000024   Code   RO         4413    i.nrf_gpio_cfg      nrfx_twim.o
    0x00030b38   0x00030b38   0x00000024   Code   RO         5072    i.nrf_gpio_cfg      nrfx_uart.o
    0x00030b5c   0x00030b5c   0x00000024   Code   RO         5255    i.nrf_gpio_cfg      nrfx_uarte.o
    0x00030b80   0x00030b80   0x00000024   Code   RO         5454    i.nrf_gpio_cfg      nrfx_spim.o
    0x00030ba4   0x00030ba4   0x00000012   Code   RO         4414    i.nrf_gpio_cfg_default  nrfx_twim.o
    0x00030bb6   0x00030bb6   0x00000012   Code   RO         5073    i.nrf_gpio_cfg_default  nrfx_uart.o
    0x00030bc8   0x00030bc8   0x00000012   Code   RO         5256    i.nrf_gpio_cfg_default  nrfx_uarte.o
    0x00030bda   0x00030bda   0x00000012   Code   RO         5074    i.nrf_gpio_cfg_input  nrfx_uart.o
    0x00030bec   0x00030bec   0x00000012   Code   RO         5257    i.nrf_gpio_cfg_input  nrfx_uarte.o
    0x00030bfe   0x00030bfe   0x00000010   Code   RO          675    i.nrf_gpio_cfg_output  bsp_itracker.o
    0x00030c0e   0x00030c0e   0x00000014   Code   RO         5075    i.nrf_gpio_cfg_output  nrfx_uart.o
    0x00030c22   0x00030c22   0x00000014   Code   RO         5258    i.nrf_gpio_cfg_output  nrfx_uarte.o
    0x00030c36   0x00030c36   0x00000014   Code   RO         5455    i.nrf_gpio_cfg_output  nrfx_spim.o
    0x00030c4a   0x00030c4a   0x00000022   Code   RO         4688    i.nrf_gpio_cfg_sense_set  nrfx_gpiote.o
    0x00030c6c   0x00030c6c   0x0000000e   Code   RO         5456    i.nrf_gpio_pin_clear  nrfx_spim.o
    0x00030c7a   0x00030c7a   0x0000000e   Code   RO         4348    i.nrf_gpio_pin_set  nrf_drv_twi.o
    0x00030c88   0x00030c88   0x0000000e   Code   RO         5457    i.nrf_gpio_pin_set  nrfx_spim.o
    0x00030c96   0x00030c96   0x00000016   Code   RO          979    i.nrf_gpio_pin_write  rak_uart_gsm.o
    0x00030cac   0x00030cac   0x00000016   Code   RO         1622    i.nrf_gpio_pin_write  boards.o
    0x00030cc2   0x00030cc2   0x00000016   Code   RO        10223    i.nrf_gpio_pin_write  rak_spi_bme280.o
    0x00030cd8   0x00030cd8   0x00000028   Code   RO         4689    i.nrf_gpio_ports_read  nrfx_gpiote.o
    0x00030d00   0x00030d00   0x00000014   Code   RO         4690    i.nrf_gpiote_event_clear  nrfx_gpiote.o
    0x00030d14   0x00030d14   0x00000010   Code   RO         4691    i.nrf_gpiote_event_is_set  nrfx_gpiote.o
    0x00030d24   0x00030d24   0x00000050   Code   RO         7512    i.nrf_log_backend_add  nrf_log_frontend.o
    0x00030d74   0x00030d74   0x00000002   Code   RO         7379    i.nrf_log_backend_rtt_flush  nrf_log_backend_rtt.o
    0x00030d76   0x00030d76   0x00000004   Code   RO         7380    i.nrf_log_backend_rtt_init  nrf_log_backend_rtt.o
    0x00030d7a   0x00030d7a   0x00000002   Code   RO         7381    i.nrf_log_backend_rtt_panic_set  nrf_log_backend_rtt.o
    0x00030d7c   0x00030d7c   0x00000018   Code   RO         7382    i.nrf_log_backend_rtt_put  nrf_log_backend_rtt.o
    0x00030d94   0x00030d94   0x000000c8   Code   RO         7438    i.nrf_log_backend_serial_put  nrf_log_backend_serial.o
    0x00030e5c   0x00030e5c   0x00000030   Code   RO         7514    i.nrf_log_color_id_get  nrf_log_frontend.o
    0x00030e8c   0x00030e8c   0x0000001c   Code   RO         7472    i.nrf_log_default_backends_init  nrf_log_default_backends.o
    0x00030ea8   0x00030ea8   0x00000220   Code   RO         7515    i.nrf_log_frontend_dequeue  nrf_log_frontend.o
    0x000310c8   0x000310c8   0x000000a8   Code   RO         7516    i.nrf_log_frontend_hexdump  nrf_log_frontend.o
    0x00031170   0x00031170   0x00000008   Code   RO         7517    i.nrf_log_frontend_std_0  nrf_log_frontend.o
    0x00031178   0x00031178   0x0000000e   Code   RO         7518    i.nrf_log_frontend_std_1  nrf_log_frontend.o
    0x00031186   0x00031186   0x00000010   Code   RO         7519    i.nrf_log_frontend_std_2  nrf_log_frontend.o
    0x00031196   0x00031196   0x00000012   Code   RO         7520    i.nrf_log_frontend_std_3  nrf_log_frontend.o
    0x000311a8   0x000311a8   0x000000ac   Code   RO         7692    i.nrf_log_hexdump_entry_process  nrf_log_str_formatter.o
    0x00031254   0x00031254   0x00000058   Code   RO         7524    i.nrf_log_init      nrf_log_frontend.o
    0x000312ac   0x000312ac   0x00000014   Code   RO         7525    i.nrf_log_module_cnt_get  nrf_log_frontend.o
    0x000312c0   0x000312c0   0x0000001c   Code   RO         7528    i.nrf_log_module_name_get  nrf_log_frontend.o
    0x000312dc   0x000312dc   0x00000028   Code   RO         7529    i.nrf_log_panic     nrf_log_frontend.o
    0x00031304   0x00031304   0x000000b6   Code   RO         7693    i.nrf_log_std_entry_process  nrf_log_str_formatter.o
    0x000313ba   0x000313ba   0x00000060   Code   RO         6338    i.nrf_memobj_alloc  nrf_memobj.o
    0x0003141a   0x0003141a   0x00000032   Code   RO         6339    i.nrf_memobj_free   nrf_memobj.o
    0x0003144c   0x0003144c   0x00000008   Code   RO         6340    i.nrf_memobj_get    nrf_memobj.o
    0x00031454   0x00031454   0x00000004   Code   RO         6341    i.nrf_memobj_pool_init  nrf_memobj.o
    0x00031458   0x00031458   0x0000001e   Code   RO         6342    i.nrf_memobj_put    nrf_memobj.o
    0x00031476   0x00031476   0x0000000c   Code   RO         6343    i.nrf_memobj_read   nrf_memobj.o
    0x00031482   0x00031482   0x0000000c   Code   RO         6344    i.nrf_memobj_write  nrf_memobj.o
    0x0003148e   0x0003148e   0x00000002   PAD
    0x00031490   0x00031490   0x00000030   Code   RO         5567    i.nrf_nvmc_page_erase  nrf_nvmc.o
    0x000314c0   0x000314c0   0x00000044   Code   RO         5568    i.nrf_nvmc_write_byte  nrf_nvmc.o
    0x00031504   0x00031504   0x0000001c   Code   RO         5569    i.nrf_nvmc_write_bytes  nrf_nvmc.o
    0x00031520   0x00031520   0x0000000c   Code   RO         4567    i.nrf_rtc_event_clear  nrfx_rtc.o
    0x0003152c   0x0003152c   0x0000000c   Code   RO         9189    i.nrf_rtc_event_clear  port_cmsis_systick.o
    0x00031538   0x00031538   0x00000014   Code   RO         8002    i.nrf_sdh_ble_app_ram_start_get  nrf_sdh_ble.o
    0x0003154c   0x0003154c   0x00000154   Code   RO         8003    i.nrf_sdh_ble_default_cfg_set  nrf_sdh_ble.o
    0x000316a0   0x000316a0   0x0000012c   Code   RO         8004    i.nrf_sdh_ble_enable  nrf_sdh_ble.o
    0x000317cc   0x000317cc   0x0000005c   Code   RO         8005    i.nrf_sdh_ble_evts_poll  nrf_sdh_ble.o
    0x00031828   0x00031828   0x00000054   Code   RO         8146    i.nrf_sdh_disable_request  nrf_sdh.o
    0x0003187c   0x0003187c   0x00000090   Code   RO         8147    i.nrf_sdh_enable_request  nrf_sdh.o
    0x0003190c   0x0003190c   0x00000024   Code   RO         8148    i.nrf_sdh_evts_poll  nrf_sdh.o
    0x00031930   0x00031930   0x00000098   Code   RO         8092    i.nrf_sdh_freertos_init  nrf_sdh_freertos.o
    0x000319c8   0x000319c8   0x0000000c   Code   RO         8149    i.nrf_sdh_is_enabled  nrf_sdh.o
    0x000319d4   0x000319d4   0x0000001c   Code   RO         8151    i.nrf_sdh_request_continue  nrf_sdh.o
    0x000319f0   0x000319f0   0x0000003c   Code   RO         8059    i.nrf_sdh_soc_evts_poll  nrf_sdh_soc.o
    0x00031a2c   0x00031a2c   0x0000000a   Code   RO         6475    i.nrf_section_iter_init  nrf_section_iter.o
    0x00031a36   0x00031a36   0x00000024   Code   RO         6476    i.nrf_section_iter_item_set  nrf_section_iter.o
    0x00031a5a   0x00031a5a   0x00000020   Code   RO         6477    i.nrf_section_iter_next  nrf_section_iter.o
    0x00031a7a   0x00031a7a   0x0000000a   Code   RO         5458    i.nrf_spim_event_check  nrfx_spim.o
    0x00031a84   0x00031a84   0x00000038   Code   RO         6510    i.nrf_strerror_find  nrf_strerror.o
    0x00031abc   0x00031abc   0x00000014   Code   RO         6511    i.nrf_strerror_get  nrf_strerror.o
    0x00031ad0   0x00031ad0   0x00000024   Code   RO         9588    i.nrf_sw_backend_hash_sha256_finalize  nrf_sw_backend_hash.o
    0x00031af4   0x00031af4   0x00000006   Code   RO         9589    i.nrf_sw_backend_hash_sha256_init  nrf_sw_backend_hash.o
    0x00031afa   0x00031afa   0x00000006   Code   RO         9590    i.nrf_sw_backend_hash_sha256_update  nrf_sw_backend_hash.o
    0x00031b00   0x00031b00   0x0000000a   Code   RO         4415    i.nrf_twim_event_check  nrfx_twim.o
    0x00031b0a   0x00031b0a   0x0000000c   Code   RO         4416    i.nrf_twim_event_clear  nrfx_twim.o
    0x00031b16   0x00031b16   0x0000000a   Code   RO         5076    i.nrf_uart_event_check  nrfx_uart.o
    0x00031b20   0x00031b20   0x0000000c   Code   RO         5077    i.nrf_uart_event_clear  nrfx_uart.o
    0x00031b2c   0x00031b2c   0x0000000c   Code   RO         5078    i.nrf_uart_int_enable_check  nrfx_uart.o
    0x00031b38   0x00031b38   0x0000000a   Code   RO         5259    i.nrf_uarte_event_check  nrfx_uarte.o
    0x00031b42   0x00031b42   0x0000000c   Code   RO         5260    i.nrf_uarte_event_clear  nrfx_uarte.o
    0x00031b4e   0x00031b4e   0x00000002   PAD
    0x00031b50   0x00031b50   0x0000002c   Code   RO         4953    i.nrfx_clock_enable  nrfx_clock.o
    0x00031b7c   0x00031b7c   0x00000020   Code   RO         4956    i.nrfx_clock_init   nrfx_clock.o
    0x00031b9c   0x00031b9c   0x0000004c   Code   RO         4958    i.nrfx_clock_lfclk_start  nrfx_clock.o
    0x00031be8   0x00031be8   0x0000001c   Code   RO         4959    i.nrfx_clock_lfclk_stop  nrfx_clock.o
    0x00031c04   0x00031c04   0x00000010   Code   RO         4349    i.nrfx_coredep_delay_us  nrf_drv_twi.o
    0x00031c14   0x00031c14   0x00000010   Code   RO         4417    i.nrfx_is_in_ram    nrfx_twim.o
    0x00031c24   0x00031c24   0x00000010   Code   RO         5261    i.nrfx_is_in_ram    nrfx_uarte.o
    0x00031c34   0x00031c34   0x00000010   Code   RO         5459    i.nrfx_is_in_ram    nrfx_spim.o
    0x00031c44   0x00031c44   0x0000003a   Code   RO         5403    i.nrfx_prs_acquire  nrfx_prs.o
    0x00031c7e   0x00031c7e   0x00000012   Code   RO         5404    i.nrfx_prs_release  nrfx_prs.o
    0x00031c90   0x00031c90   0x00000190   Code   RO         5462    i.nrfx_spim_init    nrfx_spim.o
    0x00031e20   0x00031e20   0x00000088   Code   RO         5464    i.nrfx_spim_uninit  nrfx_spim.o
    0x00031ea8   0x00031ea8   0x00000064   Code   RO         5465    i.nrfx_spim_xfer    nrfx_spim.o
    0x00031f0c   0x00031f0c   0x0000003c   Code   RO         4418    i.nrfx_twim_disable  nrfx_twim.o
    0x00031f48   0x00031f48   0x00000024   Code   RO         4419    i.nrfx_twim_enable  nrfx_twim.o
    0x00031f6c   0x00031f6c   0x000000e4   Code   RO         4420    i.nrfx_twim_init    nrfx_twim.o
    0x00032050   0x00032050   0x00000030   Code   RO         4422    i.nrfx_twim_rx      nrfx_twim.o
    0x00032080   0x00032080   0x00000036   Code   RO         4425    i.nrfx_twim_tx      nrfx_twim.o
    0x000320b6   0x000320b6   0x00000002   PAD
    0x000320b8   0x000320b8   0x00000064   Code   RO         4426    i.nrfx_twim_uninit  nrfx_twim.o
    0x0003211c   0x0003211c   0x00000028   Code   RO         4427    i.nrfx_twim_xfer    nrfx_twim.o
    0x00032144   0x00032144   0x00000010   Code   RO         5079    i.nrfx_uart_0_irq_handler  nrfx_uart.o
    0x00032154   0x00032154   0x000000d4   Code   RO         5081    i.nrfx_uart_init    nrfx_uart.o
    0x00032228   0x00032228   0x000000ec   Code   RO         5082    i.nrfx_uart_rx      nrfx_uart.o
    0x00032314   0x00032314   0x000000a4   Code   RO         5087    i.nrfx_uart_tx      nrfx_uart.o
    0x000323b8   0x000323b8   0x00000020   Code   RO         5089    i.nrfx_uart_tx_in_progress  nrfx_uart.o
    0x000323d8   0x000323d8   0x000000b4   Code   RO         5090    i.nrfx_uart_uninit  nrfx_uart.o
    0x0003248c   0x0003248c   0x00000010   Code   RO         5262    i.nrfx_uarte_0_irq_handler  nrfx_uarte.o
    0x0003249c   0x0003249c   0x0000006c   Code   RO         5264    i.nrfx_uarte_init   nrfx_uarte.o
    0x00032508   0x00032508   0x00000104   Code   RO         5265    i.nrfx_uarte_rx     nrfx_uarte.o
    0x0003260c   0x0003260c   0x00000090   Code   RO         5268    i.nrfx_uarte_tx     nrfx_uarte.o
    0x0003269c   0x0003269c   0x0000001c   Code   RO         5270    i.nrfx_uarte_tx_in_progress  nrfx_uarte.o
    0x000326b8   0x000326b8   0x000000b0   Code   RO         5271    i.nrfx_uarte_uninit  nrfx_uarte.o
    0x00032768   0x00032768   0x00000018   Code   RO        11212    i.null_ptr_check    bme280.o
    0x00032780   0x00032780   0x00000130   Code   RO        10062    i.nus_data_handler  blemain.o
    0x000328b0   0x000328b0   0x0000001c   Code   RO        10063    i.on_conn_params_evt  blemain.o
    0x000328cc   0x000328cc   0x0000006a   Code   RO         4043    i.on_connect        ble_nus.o
    0x00032936   0x00032936   0x00000002   PAD
    0x00032938   0x00032938   0x00000104   Code   RO         2442    i.on_connected_evt  nrf_ble_gatt.o
    0x00032a3c   0x00032a3c   0x00000120   Code   RO         2443    i.on_data_length_update_evt  nrf_ble_gatt.o
    0x00032b5c   0x00032b5c   0x00000150   Code   RO         2444    i.on_exchange_mtu_request_evt  nrf_ble_gatt.o
    0x00032cac   0x00032cac   0x000000a4   Code   RO         2445    i.on_exchange_mtu_rsp_evt  nrf_ble_gatt.o
    0x00032d50   0x00032d50   0x00000084   Code   RO         4044    i.on_write          ble_nus.o
    0x00032dd4   0x00032dd4   0x00000050   Code   RO        10006    i.opt3001_get_id    sensor_opt3001.o
    0x00032e24   0x00032e24   0x00000088   Code   RO        10401    i.opt3001_init      rak_i2c_opt3001.o
    0x00032eac   0x00032eac   0x0000001c   Code   RO        10402    i.opt3001_twi_init  rak_i2c_opt3001.o
    0x00032ec8   0x00032ec8   0x00000024   Code   RO         6980    i.page_identify     fds.o
    0x00032eec   0x00032eec   0x0000001c   Code   RO         6981    i.page_offsets_update  fds.o
    0x00032f08   0x00032f08   0x0000006c   Code   RO         6982    i.page_scan         fds.o
    0x00032f74   0x00032f74   0x0000001c   Code   RO         6983    i.page_tag_write_data  fds.o
    0x00032f90   0x00032f90   0x00000024   Code   RO         6984    i.page_tag_write_swap  fds.o
    0x00032fb4   0x00032fb4   0x0000011c   Code   RO         6985    i.pages_init        fds.o
    0x000330d0   0x000330d0   0x0000000c   Code   RO         3173    i.pairing           security_dispatcher.o
    0x000330dc   0x000330dc   0x00000006   Code   RO         3317    i.params_reply_pending_handle  security_manager.o
    0x000330e2   0x000330e2   0x00000028   Code   RO         3318    i.params_req_send   security_manager.o
    0x0003310a   0x0003310a   0x00000026   Code   RO        11213    i.parse_device_settings  bme280.o
    0x00033130   0x00033130   0x00000040   Code   RO         9839    i.pb_dec_bytes      pb_decode.o
    0x00033170   0x00033170   0x00000006   Code   RO         9840    i.pb_dec_fixed32    pb_decode.o
    0x00033176   0x00033176   0x00000006   Code   RO         9841    i.pb_dec_fixed64    pb_decode.o
    0x0003317c   0x0003317c   0x0000003e   Code   RO         9842    i.pb_dec_string     pb_decode.o
    0x000331ba   0x000331ba   0x00000040   Code   RO         9843    i.pb_dec_submessage  pb_decode.o
    0x000331fa   0x000331fa   0x00000058   Code   RO         9844    i.pb_dec_svarint    pb_decode.o
    0x00033252   0x00033252   0x00000058   Code   RO         9845    i.pb_dec_uvarint    pb_decode.o
    0x000332aa   0x000332aa   0x0000005a   Code   RO         9846    i.pb_dec_varint     pb_decode.o
    0x00033304   0x00033304   0x0000001e   Code   RO         9847    i.pb_decode         pb_decode.o
    0x00033322   0x00033322   0x00000020   Code   RO         9849    i.pb_decode_fixed32  pb_decode.o
    0x00033342   0x00033342   0x0000005c   Code   RO         9850    i.pb_decode_fixed64  pb_decode.o
    0x0003339e   0x0003339e   0x00000002   PAD
    0x000333a0   0x000333a0   0x00000186   Code   RO         9851    i.pb_decode_noinit  pb_decode.o
    0x00033526   0x00033526   0x0000003a   Code   RO         9852    i.pb_decode_svarint  pb_decode.o
    0x00033560   0x00033560   0x00000042   Code   RO         9853    i.pb_decode_tag     pb_decode.o
    0x000335a2   0x000335a2   0x0000004a   Code   RO         9854    i.pb_decode_varint  pb_decode.o
    0x000335ec   0x000335ec   0x0000004c   Code   RO         9855    i.pb_decode_varint32  pb_decode.o
    0x00033638   0x00033638   0x00000022   Code   RO         9806    i.pb_field_iter_begin  pb_common.o
    0x0003365a   0x0003365a   0x0000002e   Code   RO         9807    i.pb_field_iter_find  pb_common.o
    0x00033688   0x00033688   0x00000080   Code   RO         9808    i.pb_field_iter_next  pb_common.o
    0x00033708   0x00033708   0x000000a4   Code   RO         9856    i.pb_field_set_to_default  pb_decode.o
    0x000337ac   0x000337ac   0x00000014   Code   RO         9857    i.pb_istream_from_buffer  pb_decode.o
    0x000337c0   0x000337c0   0x00000036   Code   RO         9858    i.pb_make_string_substream  pb_decode.o
    0x000337f6   0x000337f6   0x00000026   Code   RO         9859    i.pb_message_set_to_defaults  pb_decode.o
    0x0003381c   0x0003381c   0x00000058   Code   RO         9860    i.pb_read           pb_decode.o
    0x00033874   0x00033874   0x00000020   Code   RO         9861    i.pb_readbyte       pb_decode.o
    0x00033894   0x00033894   0x0000005a   Code   RO         9862    i.pb_skip_field     pb_decode.o
    0x000338ee   0x000338ee   0x00000002   PAD
    0x000338f0   0x000338f0   0x0000001c   Code   RO         3597    i.pdb_evt_send      peer_database.o
    0x0003390c   0x0003390c   0x0000004c   Code   RO         3598    i.pdb_init          peer_database.o
    0x00033958   0x00033958   0x00000004   Code   RO         3600    i.pdb_next_deleted_peer_id_get  peer_database.o
    0x0003395c   0x0003395c   0x00000004   Code   RO         3601    i.pdb_next_peer_id_get  peer_database.o
    0x00033960   0x00033960   0x00000074   Code   RO         3602    i.pdb_pds_evt_handler  peer_database.o
    0x000339d4   0x000339d4   0x00000004   Code   RO         3603    i.pdb_peer_allocate  peer_database.o
    0x000339d8   0x000339d8   0x00000010   Code   RO         3604    i.pdb_peer_data_load  peer_database.o
    0x000339e8   0x000339e8   0x00000006   Code   RO         3605    i.pdb_peer_data_ptr_get  peer_database.o
    0x000339ee   0x000339ee   0x00000044   Code   RO         3606    i.pdb_peer_free     peer_database.o
    0x00033a32   0x00033a32   0x00000008   Code   RO         3607    i.pdb_raw_store     peer_database.o
    0x00033a3a   0x00033a3a   0x00000002   PAD
    0x00033a3c   0x00033a3c   0x000000c4   Code   RO         3608    i.pdb_write_buf_get  peer_database.o
    0x00033b00   0x00033b00   0x00000028   Code   RO         3609    i.pdb_write_buf_release  peer_database.o
    0x00033b28   0x00033b28   0x00000028   Code   RO         3610    i.pdb_write_buf_store  peer_database.o
    0x00033b50   0x00033b50   0x00000068   Code   RO         3611    i.pdb_write_buf_store_prepare  peer_database.o
    0x00033bb8   0x00033bb8   0x00000010   Code   RO         3460    i.pds_evt_send      peer_data_storage.o
    0x00033bc8   0x00033bc8   0x0000006c   Code   RO         3461    i.pds_init          peer_data_storage.o
    0x00033c34   0x00033c34   0x00000004   Code   RO         3462    i.pds_next_deleted_peer_id_get  peer_data_storage.o
    0x00033c38   0x00033c38   0x00000004   Code   RO         3463    i.pds_next_peer_id_get  peer_data_storage.o
    0x00033c3c   0x00033c3c   0x00000058   Code   RO         3466    i.pds_peer_data_iterate  peer_data_storage.o
    0x00033c94   0x00033c94   0x00000010   Code   RO         3467    i.pds_peer_data_iterate_prepare  peer_data_storage.o
    0x00033ca4   0x00033ca4   0x00000068   Code   RO         3468    i.pds_peer_data_read  peer_data_storage.o
    0x00033d0c   0x00033d0c   0x00000096   Code   RO         3469    i.pds_peer_data_store  peer_data_storage.o
    0x00033da2   0x00033da2   0x00000008   Code   RO         3470    i.pds_peer_id_allocate  peer_data_storage.o
    0x00033daa   0x00033daa   0x00000016   Code   RO         3471    i.pds_peer_id_free  peer_data_storage.o
    0x00033dc0   0x00033dc0   0x00000004   Code   RO         3472    i.pds_peer_id_is_allocated  peer_data_storage.o
    0x00033dc4   0x00033dc4   0x0000002e   Code   RO         3473    i.pds_space_reserve  peer_data_storage.o
    0x00033df2   0x00033df2   0x00000010   Code   RO         3474    i.pds_space_reserve_cancel  peer_data_storage.o
    0x00033e02   0x00033e02   0x00000002   PAD
    0x00033e04   0x00033e04   0x0000000c   Code   RO         3174    i.peer_created      security_dispatcher.o
    0x00033e10   0x00033e10   0x00000006   Code   RO         3612    i.peer_data_const_point_to_buffer  peer_database.o
    0x00033e16   0x00033e16   0x00000002   PAD
    0x00033e18   0x00033e18   0x00000078   Code   RO         3475    i.peer_data_delete_process  peer_data_storage.o
    0x00033e90   0x00033e90   0x00000030   Code   RO         3476    i.peer_data_find    peer_data_storage.o
    0x00033ec0   0x00033ec0   0x00000020   Code   RO         3477    i.peer_data_id_is_valid  peer_data_storage.o
    0x00033ee0   0x00033ee0   0x0000001a   Code   RO         3613    i.peer_data_point_to_buffer  peer_database.o
    0x00033efa   0x00033efa   0x00000002   PAD
    0x00033efc   0x00033efc   0x0000000c   Code   RO         2975    i.peer_id_allocate  peer_id.o
    0x00033f08   0x00033f08   0x00000024   Code   RO         2976    i.peer_id_delete    peer_id.o
    0x00033f2c   0x00033f2c   0x0000001c   Code   RO         2977    i.peer_id_free      peer_id.o
    0x00033f48   0x00033f48   0x0000000c   Code   RO         2978    i.peer_id_get_next_deleted  peer_id.o
    0x00033f54   0x00033f54   0x00000030   Code   RO         2979    i.peer_id_get_next_used  peer_id.o
    0x00033f84   0x00033f84   0x00000028   Code   RO         2980    i.peer_id_init      peer_id.o
    0x00033fac   0x00033fac   0x00000014   Code   RO         2981    i.peer_id_is_allocated  peer_id.o
    0x00033fc0   0x00033fc0   0x00000014   Code   RO         2982    i.peer_id_is_deleted  peer_id.o
    0x00033fd4   0x00033fd4   0x0000001c   Code   RO         2729    i.peer_id_set       id_manager.o
    0x00033ff0   0x00033ff0   0x0000006c   Code   RO        10064    i.peer_manager_init  blemain.o
    0x0003405c   0x0003405c   0x00000012   Code   RO         2046    i.phy_is_valid      ble_advertising.o
    0x0003406e   0x0003406e   0x00000006   Code   RO        10541    i.platform_read     rak_i2c_lis2mdl.o
    0x00034074   0x00034074   0x00000006   Code   RO        10542    i.platform_write    rak_i2c_lis2mdl.o
    0x0003407a   0x0003407a   0x0000005c   Code   RO         3066    i.pm_buffer_block_acquire  pm_buffer.o
    0x000340d6   0x000340d6   0x00000040   Code   RO         3067    i.pm_buffer_init    pm_buffer.o
    0x00034116   0x00034116   0x00000028   Code   RO         3068    i.pm_buffer_ptr_get  pm_buffer.o
    0x0003413e   0x0003413e   0x0000002e   Code   RO         3069    i.pm_buffer_release  pm_buffer.o
    0x0003416c   0x0003416c   0x0000000a   Code   RO         3766    i.pm_conn_sec_config_reply  peer_manager.o
    0x00034176   0x00034176   0x00000002   PAD
    0x00034178   0x00034178   0x000000f4   Code   RO        10065    i.pm_evt_handler    blemain.o
    0x0003426c   0x0003426c   0x00000004   Code   RO         3771    i.pm_gcm_evt_handler  peer_manager.o
    0x00034270   0x00034270   0x00000004   Code   RO         3774    i.pm_im_evt_handler  peer_manager.o
    0x00034274   0x00034274   0x0000004c   Code   RO         3775    i.pm_init           peer_manager.o
    0x000342c0   0x000342c0   0x0000000e   Code   RO         3112    i.pm_mutex_init     pm_mutex.o
    0x000342ce   0x000342ce   0x0000001a   Code   RO         3113    i.pm_mutex_lock     pm_mutex.o
    0x000342e8   0x000342e8   0x00000036   Code   RO         3114    i.pm_mutex_lock_first_available  pm_mutex.o
    0x0003431e   0x0003431e   0x00000018   Code   RO         3115    i.pm_mutex_lock_status_get  pm_mutex.o
    0x00034336   0x00034336   0x0000003a   Code   RO         3116    i.pm_mutex_unlock   pm_mutex.o
    0x00034370   0x00034370   0x00000118   Code   RO         3779    i.pm_pdb_evt_handler  peer_manager.o
    0x00034488   0x00034488   0x000000b8   Code   RO         3794    i.pm_peer_ranks_get  peer_manager.o
    0x00034540   0x00034540   0x0000002c   Code   RO         3798    i.pm_register       peer_manager.o
    0x0003456c   0x0003456c   0x00000014   Code   RO         3799    i.pm_sec_params_set  peer_manager.o
    0x00034580   0x00034580   0x0000000a   Code   RO         3800    i.pm_sm_evt_handler  peer_manager.o
    0x0003458a   0x0003458a   0x00000002   PAD
    0x0003458c   0x0003458c   0x0000003c   Code   RO         7695    i.postfix_process   nrf_log_str_formatter.o
    0x000345c8   0x000345c8   0x00000098   Code   RO         7696    i.prefix_process    nrf_log_str_formatter.o
    0x00034660   0x00034660   0x00000018   Code   RO         5405    i.prs_box_get       nrfx_prs.o
    0x00034678   0x00034678   0x00000070   Code   RO         8627    i.prvAddCurrentTaskToDelayedList  tasks.o
    0x000346e8   0x000346e8   0x000000d0   Code   RO         8628    i.prvAddNewTaskToReadyList  tasks.o
    0x000347b8   0x000347b8   0x00000050   Code   RO         8976    i.prvCheckForValidListAndQueue  timers.o
    0x00034808   0x00034808   0x00000026   Code   RO         8435    i.prvCopyDataFromQueue  queue.o
    0x0003482e   0x0003482e   0x0000006c   Code   RO         8436    i.prvCopyDataToQueue  queue.o
    0x0003489a   0x0003489a   0x00000014   Code   RO         8629    i.prvDeleteTCB      tasks.o
    0x000348ae   0x000348ae   0x00000002   PAD
    0x000348b0   0x000348b0   0x00000034   Code   RO         8630    i.prvGetExpectedIdleTime  tasks.o
    0x000348e4   0x000348e4   0x0000007c   Code   RO         8631    i.prvIdleTask       tasks.o
    0x00034960   0x00034960   0x0000008a   Code   RO         8632    i.prvInitialiseNewTask  tasks.o
    0x000349ea   0x000349ea   0x00000002   PAD
    0x000349ec   0x000349ec   0x00000038   Code   RO         8977    i.prvInsertTimerInActiveList  timers.o
    0x00034a24   0x00034a24   0x0000001c   Code   RO         8437    i.prvIsQueueEmpty   queue.o
    0x00034a40   0x00034a40   0x000000a4   Code   RO         8978    i.prvProcessReceivedCommands  timers.o
    0x00034ae4   0x00034ae4   0x000000a4   Code   RO         8979    i.prvProcessTimerOrBlockTask  timers.o
    0x00034b88   0x00034b88   0x00000020   Code   RO         8633    i.prvResetNextTaskUnblockTime  tasks.o
    0x00034ba8   0x00034ba8   0x00000028   Code   RO         8980    i.prvSampleTimeNow  timers.o
    0x00034bd0   0x00034bd0   0x00000058   Code   RO         8981    i.prvSwitchTimerLists  timers.o
    0x00034c28   0x00034c28   0x00000008   Code   RO         9125    i.prvTaskExitError  port_cmsis.o
    0x00034c30   0x00034c30   0x00000020   Code   RO         8634    i.prvTaskIsTaskSuspended  tasks.o
    0x00034c50   0x00034c50   0x00000024   Code   RO         8982    i.prvTimerTask      timers.o
    0x00034c74   0x00034c74   0x0000006a   Code   RO         8438    i.prvUnlockQueue    queue.o
    0x00034cde   0x00034cde   0x00000042   Code   RO        11214    i.put_device_to_sleep  bme280.o
    0x00034d20   0x00034d20   0x0000004c   Code   RO         9255    i.pvPortMalloc      heap_1.o
    0x00034d6c   0x00034d6c   0x00000012   Code   RO         8983    i.pvTimerGetTimerID  timers.o
    0x00034d7e   0x00034d7e   0x00000002   PAD
    0x00034d80   0x00034d80   0x0000002c   Code   RO         9126    i.pxPortInitialiseStack  port_cmsis.o
    0x00034dac   0x00034dac   0x0000001c   Code   RO         6986    i.queue_buf_get     fds.o
    0x00034dc8   0x00034dc8   0x00000010   Code   RO         6987    i.queue_buf_store   fds.o
    0x00034dd8   0x00034dd8   0x00000014   Code   RO         7271    i.queue_free        nrf_fstorage_sd.o
    0x00034dec   0x00034dec   0x000000a0   Code   RO         6988    i.queue_process     fds.o
    0x00034e8c   0x00034e8c   0x000000a0   Code   RO         7272    i.queue_process     nrf_fstorage_sd.o
    0x00034f2c   0x00034f2c   0x0000001c   Code   RO         6989    i.queue_start       fds.o
    0x00034f48   0x00034f48   0x00000024   Code   RO         7273    i.queue_start       nrf_fstorage_sd.o
    0x00034f6c   0x00034f6c   0x0000000c   Code   RO        10333    i.rak_i2c_deinit    rak_i2c_sensor.o
    0x00034f78   0x00034f78   0x00000028   Code   RO        10334    i.rak_i2c_init      rak_i2c_sensor.o
    0x00034fa0   0x00034fa0   0x00000070   Code   RO        10335    i.rak_i2c_read      rak_i2c_sensor.o
    0x00035010   0x00035010   0x00000050   Code   RO        10336    i.rak_i2c_write     rak_i2c_sensor.o
    0x00035060   0x00035060   0x0000000c   Code   RO        10159    i.rak_spi_deinit    rak_spi_sensor.o
    0x0003506c   0x0003506c   0x00000014   Code   RO        10160    i.rak_spi_init      rak_spi_sensor.o
    0x00035080   0x00035080   0x00000060   Code   RO        10161    i.rak_spi_read      rak_spi_sensor.o
    0x000350e0   0x000350e0   0x0000004c   Code   RO        10162    i.rak_spi_write     rak_spi_sensor.o
    0x0003512c   0x0003512c   0x00000028   Code   RO         3803    i.rank_vars_update  peer_manager.o
    0x00035154   0x00035154   0x0000000e   Code   RO         7274    i.read              nrf_fstorage_sd.o
    0x00035162   0x00035162   0x00000062   Code   RO         9863    i.read_raw_value    pb_decode.o
    0x000351c4   0x000351c4   0x0000007c   Code   RO         3614    i.reattempt_previous_operations  peer_database.o
    0x00035240   0x00035240   0x00000088   Code   RO         6990    i.record_find       fds.o
    0x000352c8   0x000352c8   0x000000a0   Code   RO         6991    i.record_find_by_desc  fds.o
    0x00035368   0x00035368   0x0000005c   Code   RO         6992    i.record_find_next  fds.o
    0x000353c4   0x000353c4   0x00000038   Code   RO         6993    i.record_header_flag_dirty  fds.o
    0x000353fc   0x000353fc   0x00000010   Code   RO         2984    i.release           peer_id.o
    0x0003540c   0x0003540c   0x00000004   Code   RO         7275    i.rmap              nrf_fstorage_sd.o
    0x00035410   0x00035410   0x00000032   Code   RO         5091    i.rx_byte           nrfx_uart.o
    0x00035442   0x00035442   0x000000a2   Code   RO         4045    i.rx_char_add       ble_nus.o
    0x000354e4   0x000354e4   0x00000016   Code   RO         5092    i.rx_done_event     nrfx_uart.o
    0x000354fa   0x000354fa   0x00000018   Code   RO         5272    i.rx_done_event     nrfx_uarte.o
    0x00035512   0x00035512   0x00000020   Code   RO         5093    i.rx_enable         nrfx_uart.o
    0x00035532   0x00035532   0x00000002   PAD
    0x00035534   0x00035534   0x00000024   Code   RO         2583    i.sc_send_pending_handle  gatt_cache_manager.o
    0x00035558   0x00035558   0x00000042   Code   RO         8154    i.sd_nvic_SetPriority  nrf_sdh.o
    0x0003559a   0x0003559a   0x00000002   PAD
    0x0003559c   0x0003559c   0x00000050   Code   RO         4123    i.sd_state_evt_handler  nrf_drv_clock.o
    0x000355ec   0x000355ec   0x00000030   Code   RO         8155    i.sdh_request_observer_notify  nrf_sdh.o
    0x0003561c   0x0003561c   0x0000002c   Code   RO         8156    i.sdh_state_observer_notify  nrf_sdh.o
    0x00035648   0x00035648   0x000000a2   Code   RO         3175    i.sec_info_request_process  security_dispatcher.o
    0x000356ea   0x000356ea   0x00000002   PAD
    0x000356ec   0x000356ec   0x0000006c   Code   RO         3176    i.sec_keyset_fill   security_dispatcher.o
    0x00035758   0x00035758   0x00000076   Code   RO         3319    i.sec_params_verify  security_manager.o
    0x000357ce   0x000357ce   0x00000002   PAD
    0x000357d0   0x000357d0   0x00000038   Code   RO         3177    i.sec_proc_housekeeping  security_dispatcher.o
    0x00035808   0x00035808   0x00000068   Code   RO         3178    i.sec_proc_start    security_dispatcher.o
    0x00035870   0x00035870   0x00000022   Code   RO         3179    i.send_config_req   security_dispatcher.o
    0x00035892   0x00035892   0x00000002   PAD
    0x00035894   0x00035894   0x00000010   Code   RO         2136    i.send_error_evt    ble_conn_params.o
    0x000358a4   0x000358a4   0x00000028   Code   RO         2584    i.send_unexpected_error  gatt_cache_manager.o
    0x000358cc   0x000358cc   0x00000028   Code   RO         3180    i.send_unexpected_error  security_dispatcher.o
    0x000358f4   0x000358f4   0x00000050   Code   RO        10007    i.sensorOpt3001Convert  sensor_opt3001.o
    0x00035944   0x00035944   0x0000001e   Code   RO        10008    i.sensorOpt3001Enable  sensor_opt3001.o
    0x00035962   0x00035962   0x0000003a   Code   RO        10010    i.sensorOpt3001Read  sensor_opt3001.o
    0x0003599c   0x0003599c   0x00000018   Code   RO        10403    i.sensorReadReg     rak_i2c_opt3001.o
    0x000359b4   0x000359b4   0x00000018   Code   RO        10404    i.sensorWriteReg    rak_i2c_opt3001.o
    0x000359cc   0x000359cc   0x000000b0   Code   RO        11322    i.sensor_collect_timer_handle  sensormain.o
    0x00035a7c   0x00035a7c   0x00000214   Code   RO        11323    i.sensors_init      sensormain.o
    0x00035c90   0x00035c90   0x00000050   Code   RO         7383    i.serial_tx         nrf_log_backend_rtt.o
    0x00035ce0   0x00035ce0   0x00000014   Code   RO         2585    i.service_changed_pending_flags_check  gatt_cache_manager.o
    0x00035cf4   0x00035cf4   0x00000044   Code   RO         2905    i.service_changed_pending_set  gatts_cache_manager.o
    0x00035d38   0x00035d38   0x0000008c   Code   RO         2586    i.service_changed_send_in_evt  gatt_cache_manager.o
    0x00035dc4   0x00035dc4   0x00000020   Code   RO        10066    i.services_init     blemain.o
    0x00035de4   0x00035de4   0x0000004e   Code   RO        11215    i.set_filter_standby_settings  bme280.o
    0x00035e32   0x00035e32   0x00000098   Code   RO        11216    i.set_osr_settings  bme280.o
    0x00035eca   0x00035eca   0x00000110   Code   RO         9765    i.sha256_final      sha256.o
    0x00035fda   0x00035fda   0x00000002   PAD
    0x00035fdc   0x00035fdc   0x00000054   Code   RO         9766    i.sha256_init       sha256.o
    0x00036030   0x00036030   0x0000012c   Code   RO         9767    i.sha256_transform  sha256.o
    0x0003615c   0x0003615c   0x00000054   Code   RO         9768    i.sha256_update     sha256.o
    0x000361b0   0x000361b0   0x000001e8   Code   RO         1300    i.signature_check   dfu.o
    0x00036398   0x00036398   0x00000020   Code   RO         3320    i.sm_ble_evt_handler  security_manager.o
    0x000363b8   0x000363b8   0x00000004   Code   RO         3321    i.sm_conn_sec_config_reply  security_manager.o
    0x000363bc   0x000363bc   0x0000004c   Code   RO         3322    i.sm_init           security_manager.o
    0x00036408   0x00036408   0x00000058   Code   RO         3325    i.sm_pdb_evt_handler  security_manager.o
    0x00036460   0x00036460   0x00000034   Code   RO         3327    i.sm_sec_params_set  security_manager.o
    0x00036494   0x00036494   0x00000060   Code   RO         3328    i.sm_smd_evt_handler  security_manager.o
    0x000364f4   0x000364f4   0x00000118   Code   RO         3181    i.smd_ble_evt_handler  security_dispatcher.o
    0x0003660c   0x0003660c   0x00000010   Code   RO         3182    i.smd_conn_sec_config_reply  security_dispatcher.o
    0x0003661c   0x0003661c   0x00000058   Code   RO         3183    i.smd_init          security_dispatcher.o
    0x00036674   0x00036674   0x0000006c   Code   RO         3184    i.smd_link_secure   security_dispatcher.o
    0x000366e0   0x000366e0   0x000000fc   Code   RO         3185    i.smd_params_reply  security_dispatcher.o
    0x000367dc   0x000367dc   0x00000040   Code   RO         3329    i.smd_params_reply_perform  security_manager.o
    0x0003681c   0x0003681c   0x00000018   Code   RO         4124    i.soc_evt_handler   nrf_drv_clock.o
    0x00036834   0x00036834   0x00000038   Code   RO         8157    i.softdevice_evt_irq_disable  nrf_sdh.o
    0x0003686c   0x0003686c   0x00000048   Code   RO         8093    i.softdevice_task   nrf_sdh_freertos.o
    0x000368b4   0x000368b4   0x00000050   Code   RO         8158    i.softdevices_evt_irq_enable  nrf_sdh.o
    0x00036904   0x00036904   0x0000000c   Code   RO        10163    i.spi_event_handler  rak_spi_sensor.o
    0x00036910   0x00036910   0x00000038   Code   RO         4301    i.spim_evt_handler  nrf_drv_spi.o
    0x00036948   0x00036948   0x000000bc   Code   RO         5466    i.spim_xfer         nrfx_spim.o
    0x00036a04   0x00036a04   0x00000120   Code   RO        11324    i.start_collect_data  sensormain.o
    0x00036b24   0x00036b24   0x0000008c   Code   RO         7531    i.std_n             nrf_log_frontend.o
    0x00036bb0   0x00036bb0   0x00000034   Code   RO        10226    i.stream_sensor_data_normal_mode  rak_spi_bme280.o
    0x00036be4   0x00036be4   0x000000aa   Code   RO         4350    i.twi_clear_bus     nrf_drv_twi.o
    0x00036c8e   0x00036c8e   0x00000002   PAD
    0x00036c90   0x00036c90   0x00000040   Code   RO         4351    i.twim_evt_handler  nrf_drv_twi.o
    0x00036cd0   0x00036cd0   0x0000014c   Code   RO         4428    i.twim_irq_handler  nrfx_twim.o
    0x00036e1c   0x00036e1c   0x00000238   Code   RO         4429    i.twim_xfer         nrfx_twim.o
    0x00037054   0x00037054   0x00000020   Code   RO         5094    i.tx_byte           nrfx_uart.o
    0x00037074   0x00037074   0x000000da   Code   RO         4046    i.tx_char_add       ble_nus.o
    0x0003714e   0x0003714e   0x0000001a   Code   RO         5095    i.tx_done_event     nrfx_uart.o
    0x00037168   0x00037168   0x00000030   Code   RO          676    i.uart_event_handle  bsp_itracker.o
    0x00037198   0x00037198   0x000000a0   Code   RO         5875    i.uart_event_handler  app_uart_fifo.o
    0x00037238   0x00037238   0x00000030   Code   RO         4249    i.uart_evt_handler  nrf_drv_uart.o
    0x00037268   0x00037268   0x00000128   Code   RO         5096    i.uart_irq_handler  nrfx_uart.o
    0x00037390   0x00037390   0x00000030   Code   RO         4250    i.uarte_evt_handler  nrf_drv_uart.o
    0x000373c0   0x000373c0   0x000000f4   Code   RO         5273    i.uarte_irq_handler  nrfx_uarte.o
    0x000374b4   0x000374b4   0x0000000c   Code   RO         8439    i.ulPortRaiseBASEPRI  queue.o
    0x000374c0   0x000374c0   0x0000000c   Code   RO         8636    i.ulPortRaiseBASEPRI  tasks.o
    0x000374cc   0x000374cc   0x00000020   Code   RO         7276    i.uninit            nrf_fstorage_sd.o
    0x000374ec   0x000374ec   0x000000b4   Code   RO         6216    i.unsigned_print    nrf_fprintf_format.o
    0x000375a0   0x000375a0   0x00000014   Code   RO         2587    i.update_pending_flags_check  gatt_cache_manager.o
    0x000375b4   0x000375b4   0x00000068   Code   RO         2137    i.update_timeout_handler  ble_conn_params.o
    0x0003761c   0x0003761c   0x00000018   Code   RO         2047    i.use_whitelist     ble_advertising.o
    0x00037634   0x00037634   0x00000020   Code   RO        10227    i.user_delay_ms     rak_spi_bme280.o
    0x00037654   0x00037654   0x0000000c   Code   RO         2234    i.user_flag_is_acquired  ble_conn_state.o
    0x00037660   0x00037660   0x00000028   Code   RO        10228    i.user_spi_read     rak_spi_bme280.o
    0x00037688   0x00037688   0x00000028   Code   RO        10229    i.user_spi_write    rak_spi_bme280.o
    0x000376b0   0x000376b0   0x00000026   Code   RO         8383    i.uxListRemove      list.o
    0x000376d6   0x000376d6   0x00000002   Code   RO           14    i.vApplicationIdleHook  main.o
    0x000376d8   0x000376d8   0x00000016   Code   RO         8384    i.vListInitialise   list.o
    0x000376ee   0x000376ee   0x00000006   Code   RO         8385    i.vListInitialiseItem  list.o
    0x000376f4   0x000376f4   0x00000030   Code   RO         8386    i.vListInsert       list.o
    0x00037724   0x00037724   0x00000018   Code   RO         8387    i.vListInsertEnd    list.o
    0x0003773c   0x0003773c   0x00000014   Code   RO         9128    i.vPortEnterCritical  port_cmsis.o
    0x00037750   0x00037750   0x00000014   Code   RO         9129    i.vPortExitCritical  port_cmsis.o
    0x00037764   0x00037764   0x00000002   Code   RO         9256    i.vPortFree         heap_1.o
    0x00037766   0x00037766   0x00000002   PAD
    0x00037768   0x00037768   0x00000040   Code   RO         9190    i.vPortSetupTimerInterrupt  port_cmsis_systick.o
    0x000377a8   0x000377a8   0x000000fc   Code   RO         9191    i.vPortSuppressTicksAndSleep  port_cmsis_systick.o
    0x000378a4   0x000378a4   0x00000028   Code   RO         8443    i.vQueueAddToRegistry  queue.o
    0x000378cc   0x000378cc   0x00000044   Code   RO         8446    i.vQueueWaitForMessageRestricted  queue.o
    0x00037910   0x00037910   0x00000010   Code   RO         8647    i.vTaskInternalSetTimeOutState  tasks.o
    0x00037920   0x00037920   0x0000000c   Code   RO         8648    i.vTaskMissedYield  tasks.o
    0x0003792c   0x0003792c   0x00000020   Code   RO         8650    i.vTaskPlaceOnEventList  tasks.o
    0x0003794c   0x0003794c   0x00000028   Code   RO         8651    i.vTaskPlaceOnEventListRestricted  tasks.o
    0x00037974   0x00037974   0x00000050   Code   RO         8658    i.vTaskStartScheduler  tasks.o
    0x000379c4   0x000379c4   0x00000010   Code   RO         8659    i.vTaskStepTick     tasks.o
    0x000379d4   0x000379d4   0x000000a8   Code   RO         8660    i.vTaskSuspend      tasks.o
    0x00037a7c   0x00037a7c   0x00000010   Code   RO         8661    i.vTaskSuspendAll   tasks.o
    0x00037a8c   0x00037a8c   0x00000044   Code   RO         8662    i.vTaskSwitchContext  tasks.o
    0x00037ad0   0x00037ad0   0x00000020   Code   RO         9456    i.verify_context    nrf_crypto_hash.o
    0x00037af0   0x00037af0   0x00000004   Code   RO         7277    i.wmap              nrf_fstorage_sd.o
    0x00037af4   0x00037af4   0x00000050   Code   RO         7278    i.write             nrf_fstorage_sd.o
    0x00037b44   0x00037b44   0x00000024   Code   RO         3615    i.write_buf_length_words_set  peer_database.o
    0x00037b68   0x00037b68   0x00000084   Code   RO         3616    i.write_buf_store   peer_database.o
    0x00037bec   0x00037bec   0x00000034   Code   RO         3617    i.write_buffer_record_find  peer_database.o
    0x00037c20   0x00037c20   0x00000028   Code   RO         3618    i.write_buffer_record_find_next  peer_database.o
    0x00037c48   0x00037c48   0x0000001e   Code   RO         3619    i.write_buffer_record_invalidate  peer_database.o
    0x00037c66   0x00037c66   0x00000002   PAD
    0x00037c68   0x00037c68   0x0000002c   Code   RO         3620    i.write_buffer_record_release  peer_database.o
    0x00037c94   0x00037c94   0x000000e8   Code   RO         6995    i.write_enqueue     fds.o
    0x00037d7c   0x00037d7c   0x000000f4   Code   RO         6996    i.write_execute     fds.o
    0x00037e70   0x00037e70   0x00000018   Code   RO         6997    i.write_space_free  fds.o
    0x00037e88   0x00037e88   0x0000005c   Code   RO         6998    i.write_space_reserve  fds.o
    0x00037ee4   0x00037ee4   0x0000004c   Code   RO         9130    i.xPortStartScheduler  port_cmsis.o
    0x00037f30   0x00037f30   0x00000036   Code   RO         8449    i.xQueueGenericCreate  queue.o
    0x00037f66   0x00037f66   0x00000002   PAD
    0x00037f68   0x00037f68   0x00000078   Code   RO         8450    i.xQueueGenericReset  queue.o
    0x00037fe0   0x00037fe0   0x000000fc   Code   RO         8451    i.xQueueGenericSend  queue.o
    0x000380dc   0x000380dc   0x00000064   Code   RO         8452    i.xQueueGenericSendFromISR  queue.o
    0x00038140   0x00038140   0x000000f4   Code   RO         8459    i.xQueueReceive     queue.o
    0x00038234   0x00038234   0x00000050   Code   RO         8663    i.xTaskCheckForTimeOut  tasks.o
    0x00038284   0x00038284   0x00000056   Code   RO         8664    i.xTaskCreate       tasks.o
    0x000382da   0x000382da   0x00000002   PAD
    0x000382dc   0x000382dc   0x0000001c   Code   RO         8669    i.xTaskGetSchedulerState  tasks.o
    0x000382f8   0x000382f8   0x0000000c   Code   RO         8670    i.xTaskGetTickCount  tasks.o
    0x00038304   0x00038304   0x0000000c   Code   RO         8671    i.xTaskGetTickCountFromISR  tasks.o
    0x00038310   0x00038310   0x000000b4   Code   RO         8672    i.xTaskIncrementTick  tasks.o
    0x000383c4   0x000383c4   0x00000070   Code   RO         8675    i.xTaskPriorityDisinherit  tasks.o
    0x00038434   0x00038434   0x0000006c   Code   RO         8677    i.xTaskRemoveFromEventList  tasks.o
    0x000384a0   0x000384a0   0x000000b4   Code   RO         8678    i.xTaskResumeAll    tasks.o
    0x00038554   0x00038554   0x00000068   Code   RO         8679    i.xTaskResumeFromISR  tasks.o
    0x000385bc   0x000385bc   0x00000038   Code   RO         8985    i.xTimerCreate      timers.o
    0x000385f4   0x000385f4   0x0000003c   Code   RO         8986    i.xTimerCreateTimerTask  timers.o
    0x00038630   0x00038630   0x00000050   Code   RO         8987    i.xTimerGenericCommand  timers.o
    0x00038680   0x00038680   0x0000001a   Code   RO         8991    i.xTimerIsTimerActive  timers.o
    0x0003869a   0x0003869a   0x00000002   PAD
    0x0003869c   0x0003869c   0x00000020   Data   RO          678    .constdata          bsp_itracker.o
    0x000386bc   0x000386bc   0x00000004   PAD
    0x000386c0   0x000386c0   0x00000006   Data   RO          981    .constdata          rak_uart_gsm.o
    0x000386c6   0x000386c6   0x00000002   PAD
    0x000386c8   0x000386c8   0x00000040   Data   RO         1282    .constdata          public_key.o
    0x00038708   0x00038708   0x00000008   Data   RO         1623    .constdata          boards.o
    0x00038710   0x00038710   0x0000002c   Data   RO         1731    .constdata          bsp.o
    0x0003873c   0x0003873c   0x00000016   Data   RO         2446    .constdata          nrf_ble_gatt.o
    0x00038752   0x00038752   0x00000002   PAD
    0x00038754   0x00038754   0x00000050   Data   RO         2588    .constdata          gatt_cache_manager.o
    0x000387a4   0x000387a4   0x00000008   Data   RO         2732    .constdata          id_manager.o
    0x000387ac   0x000387ac   0x00000004   Data   RO         2906    .constdata          gatts_cache_manager.o
    0x000387b0   0x000387b0   0x00000010   Data   RO         2907    .constdata          gatts_cache_manager.o
    0x000387c0   0x000387c0   0x00000004   Data   RO         2908    .constdata          gatts_cache_manager.o
    0x000387c4   0x000387c4   0x00000068   Data   RO         3187    .constdata          security_dispatcher.o
    0x0003882c   0x0003882c   0x00000004   Data   RO         3330    .constdata          security_manager.o
    0x00038830   0x00038830   0x00000018   Data   RO         3478    .constdata          peer_data_storage.o
    0x00038848   0x00038848   0x00000010   Data   RO         3622    .constdata          peer_database.o
    0x00038858   0x00038858   0x00000010   Data   RO         3805    .constdata          peer_manager.o
    0x00038868   0x00038868   0x00000010   Data   RO         4047    .constdata          ble_nus.o
    0x00038878   0x00038878   0x00000010   Data   RO         4303    .constdata          nrf_drv_spi.o
    0x00038888   0x00038888   0x00000008   PAD
    0x00038890   0x00038890   0x00000006   Data   RO         4352    .constdata          nrf_drv_twi.o
    0x00038896   0x00038896   0x00000002   PAD
    0x00038898   0x00038898   0x00000018   Data   RO         4432    .constdata          nrfx_twim.o
    0x000388b0   0x000388b0   0x00000004   Data   RO         4720    .constdata          nrfx_gpiote.o
    0x000388b4   0x000388b4   0x00000004   Data   RO         5099    .constdata          nrfx_uart.o
    0x000388b8   0x000388b8   0x00000004   Data   RO         5276    .constdata          nrfx_uarte.o
    0x000388bc   0x000388bc   0x00000004   Data   RO         5469    .constdata          nrfx_spim.o
    0x000388c0   0x000388c0   0x00000020   Data   RO         5877    .constdata          app_uart_fifo.o
    0x000388e0   0x000388e0   0x00000010   Data   RO         6217    .constdata          nrf_fprintf_format.o
    0x000388f0   0x000388f0   0x0000005e   Data   RO         6263    .constdata          nrf_fstorage.o
    0x0003894e   0x0003894e   0x00000002   PAD
    0x00038950   0x00038950   0x0000013c   Data   RO         6512    .constdata          nrf_strerror.o
    0x00038a8c   0x00038a8c   0x00000018   Data   RO         7000    .constdata          fds.o
    0x00038aa4   0x00038aa4   0x00000010   Data   RO         7280    .constdata          nrf_fstorage_sd.o
    0x00038ab4   0x00038ab4   0x00000020   Data   RO         7281    .constdata          nrf_fstorage_sd.o
    0x00038ad4   0x00038ad4   0x0000000c   Data   RO         7385    .constdata          nrf_log_backend_rtt.o
    0x00038ae0   0x00038ae0   0x00000006   Data   RO         7386    .constdata          nrf_log_backend_rtt.o
    0x00038ae6   0x00038ae6   0x00000010   Data   RO         7954    .constdata          segger_rtt_printf.o
    0x00038af6   0x00038af6   0x00000002   PAD
    0x00038af8   0x00038af8   0x00000020   Data   RO         8006    .constdata          nrf_sdh_ble.o
    0x00038b18   0x00038b18   0x00000010   Data   RO         8007    .constdata          nrf_sdh_ble.o
    0x00038b28   0x00038b28   0x00000010   Data   RO         8060    .constdata          nrf_sdh_soc.o
    0x00038b38   0x00038b38   0x0000000c   Data   RO         8061    .constdata          nrf_sdh_soc.o
    0x00038b44   0x00038b44   0x00000010   Data   RO         8159    .constdata          nrf_sdh.o
    0x00038b54   0x00038b54   0x00000028   Data   RO         8160    .constdata          nrf_sdh.o
    0x00038b7c   0x00038b7c   0x00000010   Data   RO         8161    .constdata          nrf_sdh.o
    0x00038b8c   0x00038b8c   0x00000010   Data   RO         8162    .constdata          nrf_sdh.o
    0x00038b9c   0x00038b9c   0x00000004   Data   RO         9131    .constdata          port_cmsis.o
    0x00038ba0   0x00038ba0   0x00000001   Data   RO         9297    .constdata          dfu-cc.pb.o
    0x00038ba1   0x00038ba1   0x00000003   PAD
    0x00038ba4   0x00038ba4   0x00000024   Data   RO         9298    .constdata          dfu-cc.pb.o
    0x00038bc8   0x00038bc8   0x00000078   Data   RO         9299    .constdata          dfu-cc.pb.o
    0x00038c40   0x00038c40   0x00000024   Data   RO         9300    .constdata          dfu-cc.pb.o
    0x00038c64   0x00038c64   0x00000030   Data   RO         9301    .constdata          dfu-cc.pb.o
    0x00038c94   0x00038c94   0x00000024   Data   RO         9302    .constdata          dfu-cc.pb.o
    0x00038cb8   0x00038cb8   0x00000018   Data   RO         9591    .constdata          nrf_sw_backend_hash.o
    0x00038cd0   0x00038cd0   0x0000000c   Data   RO         9635    .constdata          micro_ecc_backend_ecc.o
    0x00038cdc   0x00038cdc   0x00000100   Data   RO         9769    .constdata          sha256.o
    0x00038ddc   0x00038ddc   0x00000024   Data   RO         9864    .constdata          pb_decode.o
    0x00038e00   0x00038e00   0x00000010   Data   RO        10165    .constdata          rak_spi_sensor.o
    0x00038e10   0x00038e10   0x00000018   Data   RO        10231    .constdata          rak_spi_bme280.o
    0x00038e28   0x00038e28   0x00000010   Data   RO        10338    .constdata          rak_i2c_sensor.o
    0x00038e38   0x00038e38   0x00000010   Data   RO        10405    .constdata          rak_i2c_opt3001.o
    0x00038e48   0x00038e48   0x00000010   Data   RO        10471    .constdata          rak_i2c_lis3dh.o
    0x00038e58   0x00038e58   0x00000010   Data   RO        10544    .constdata          rak_i2c_lis2mdl.o
    0x00038e68   0x00038e68   0x00000081   Data   RO        11523    .constdata          mc_w.l(ctype_o.o)
    0x00038ee9   0x00038ee9   0x00000003   PAD
    0x00038eec   0x00038eec   0x00000004   Data   RO        11524    .constdata          mc_w.l(ctype_o.o)
    0x00038ef0   0x00038ef0   0x00000058   Data   RO        11898    .constdata          m_wm.l(exp.o)
    0x00038f48   0x00038f48   0x000000fa   Data   RO          982    .conststring        rak_uart_gsm.o
    0x00039042   0x00039042   0x00000002   PAD
    0x00039044   0x00039044   0x0000013e   Data   RO         2447    .conststring        nrf_ble_gatt.o
    0x00039182   0x00039182   0x00000002   PAD
    0x00039184   0x00039184   0x0000004f   Data   RO         6264    .conststring        nrf_fstorage.o
    0x000391d3   0x000391d3   0x00000001   PAD
    0x000391d4   0x000391d4   0x000003eb   Data   RO         6513    .conststring        nrf_strerror.o
    0x000395bf   0x000395bf   0x00000001   PAD
    0x000395c0   0x000395c0   0x00000066   Data   RO         7697    .conststring        nrf_log_str_formatter.o
    0x00039626   0x00039626   0x00000002   PAD
    0x00039628   0x00039628   0x000001cf   Data   RO         8008    .conststring        nrf_sdh_ble.o
    0x000397f7   0x000397f7   0x00000001   PAD
    0x000397f8   0x000397f8   0x00000096   Data   RO        11326    .conststring        sensormain.o
    0x0003988e   0x0003988e   0x00000002   PAD
    0x00039890   0x00039890   0x00000011   Data   RO         1305    .conststrlit        dfu.o
    0x000398a1   0x000398a1   0x00000003   PAD
    0x000398a4   0x000398a4   0x0000000d   Data   RO         2448    .conststrlit        nrf_ble_gatt.o
    0x000398b1   0x000398b1   0x00000003   PAD
    0x000398b4   0x000398b4   0x00000008   Data   RO         4048    .conststrlit        ble_nus.o
    0x000398bc   0x000398bc   0x00000006   Data   RO         4130    .conststrlit        nrf_drv_clock.o
    0x000398c2   0x000398c2   0x00000002   PAD
    0x000398c4   0x000398c4   0x00000005   Data   RO         4435    .conststrlit        nrfx_twim.o
    0x000398c9   0x000398c9   0x00000003   PAD
    0x000398cc   0x000398cc   0x00000004   Data   RO         4582    .conststrlit        nrfx_rtc.o
    0x000398d0   0x000398d0   0x00000007   Data   RO         4724    .conststrlit        nrfx_gpiote.o
    0x000398d7   0x000398d7   0x00000001   PAD
    0x000398d8   0x000398d8   0x00000006   Data   RO         4963    .conststrlit        nrfx_clock.o
    0x000398de   0x000398de   0x00000002   PAD
    0x000398e0   0x000398e0   0x00000005   Data   RO         5102    .conststrlit        nrfx_uart.o
    0x000398e5   0x000398e5   0x00000003   PAD
    0x000398e8   0x000398e8   0x00000006   Data   RO         5279    .conststrlit        nrfx_uarte.o
    0x000398ee   0x000398ee   0x00000002   PAD
    0x000398f0   0x000398f0   0x00000004   Data   RO         5407    .conststrlit        nrfx_prs.o
    0x000398f4   0x000398f4   0x00000005   Data   RO         5472    .conststrlit        nrfx_spim.o
    0x000398f9   0x000398f9   0x00000003   PAD
    0x000398fc   0x000398fc   0x0000000d   Data   RO         6265    .conststrlit        nrf_fstorage.o
    0x00039909   0x00039909   0x00000003   PAD
    0x0003990c   0x0003990c   0x00000009   Data   RO         6410    .conststrlit        nrf_pwr_mgmt.o
    0x00039915   0x00039915   0x00000003   PAD
    0x00039918   0x00039918   0x0000000f   Data   RO         7001    .conststrlit        fds.o
    0x00039927   0x00039927   0x00000001   PAD
    0x00039928   0x00039928   0x0000000e   Data   RO         7282    .conststrlit        nrf_fstorage_sd.o
    0x00039936   0x00039936   0x00000002   PAD
    0x00039938   0x00039938   0x00000018   Data   RO         7534    .conststrlit        nrf_log_frontend.o
    0x00039950   0x00039950   0x0000000c   Data   RO         8009    .conststrlit        nrf_sdh_ble.o
    0x0003995c   0x0003995c   0x0000000c   Data   RO         8062    .conststrlit        nrf_sdh_soc.o
    0x00039968   0x00039968   0x00000011   Data   RO         8094    .conststrlit        nrf_sdh_freertos.o
    0x00039979   0x00039979   0x00000003   PAD
    0x0003997c   0x0003997c   0x00000008   Data   RO         8163    .conststrlit        nrf_sdh.o
    0x00039984   0x00039984   0x000000b0   Data   RO        11495    .rodata.curve_secp256r1  micro_ecc_lib_nrf52.lib(uECC.c.o)
    0x00039a34   0x00039a34   0x00000020   Data   RO        11984    Region$$Table       anon$$obj.o
    0x00039a54   0x00039a54   0x00000008   Data   RO         1310    log_const_data      dfu.o
    0x00039a5c   0x00039a5c   0x00000008   Data   RO         2449    log_const_data      nrf_ble_gatt.o
    0x00039a64   0x00039a64   0x00000008   Data   RO         4049    log_const_data      ble_nus.o
    0x00039a6c   0x00039a6c   0x00000008   Data   RO         4131    log_const_data      nrf_drv_clock.o
    0x00039a74   0x00039a74   0x00000008   Data   RO         4436    log_const_data      nrfx_twim.o
    0x00039a7c   0x00039a7c   0x00000008   Data   RO         4584    log_const_data      nrfx_rtc.o
    0x00039a84   0x00039a84   0x00000008   Data   RO         4725    log_const_data      nrfx_gpiote.o
    0x00039a8c   0x00039a8c   0x00000008   Data   RO         4965    log_const_data      nrfx_clock.o
    0x00039a94   0x00039a94   0x00000008   Data   RO         5103    log_const_data      nrfx_uart.o
    0x00039a9c   0x00039a9c   0x00000008   Data   RO         5280    log_const_data      nrfx_uarte.o
    0x00039aa4   0x00039aa4   0x00000008   Data   RO         5409    log_const_data      nrfx_prs.o
    0x00039aac   0x00039aac   0x00000008   Data   RO         5473    log_const_data      nrfx_spim.o
    0x00039ab4   0x00039ab4   0x00000008   Data   RO         6266    log_const_data      nrf_fstorage.o
    0x00039abc   0x00039abc   0x00000008   Data   RO         6412    log_const_data      nrf_pwr_mgmt.o
    0x00039ac4   0x00039ac4   0x00000008   Data   RO         7005    log_const_data      fds.o
    0x00039acc   0x00039acc   0x00000008   Data   RO         7285    log_const_data      nrf_fstorage_sd.o
    0x00039ad4   0x00039ad4   0x00000010   Data   RO         7537    log_const_data      nrf_log_frontend.o
    0x00039ae4   0x00039ae4   0x00000008   Data   RO         8011    log_const_data      nrf_sdh_ble.o
    0x00039aec   0x00039aec   0x00000008   Data   RO         8063    log_const_data      nrf_sdh_soc.o
    0x00039af4   0x00039af4   0x00000008   Data   RO         8096    log_const_data      nrf_sdh_freertos.o
    0x00039afc   0x00039afc   0x00000008   Data   RO         8165    log_const_data      nrf_sdh.o
    0x00039b04   0x00039b04   0x00000018   Data   RO         7539    nrf_balloc          nrf_log_frontend.o
    0x00039b1c   0x00039b1c   0x00000008   Data   RO         2236    sdh_ble_observers0  ble_conn_state.o
    0x00039b24   0x00039b24   0x00000008   Data   RO         1834    sdh_ble_observers1  bsp_btn_ble.o
    0x00039b2c   0x00039b2c   0x00000008   Data   RO         2140    sdh_ble_observers1  ble_conn_params.o
    0x00039b34   0x00039b34   0x00000008   Data   RO         3807    sdh_ble_observers1  peer_manager.o
    0x00039b3c   0x00039b3c   0x00000018   Data   RO        10073    sdh_ble_observers1  blemain.o
    0x00039b54   0x00039b54   0x00000008   Data   RO        10074    sdh_ble_observers2  blemain.o
    0x00039b5c   0x00039b5c   0x00000008   Data   RO         7287    sdh_req_observers0  nrf_fstorage_sd.o
    0x00039b64   0x00039b64   0x00000008   Data   RO         4133    sdh_soc_observers0  nrf_drv_clock.o
    0x00039b6c   0x00039b6c   0x00000008   Data   RO         7288    sdh_soc_observers0  nrf_fstorage_sd.o
    0x00039b74   0x00039b74   0x00000008   Data   RO        10075    sdh_soc_observers1  blemain.o
    0x00039b7c   0x00039b7c   0x00000008   Data   RO         8013    sdh_stack_observers0  nrf_sdh_ble.o
    0x00039b84   0x00039b84   0x00000008   Data   RO         8065    sdh_stack_observers0  nrf_sdh_soc.o
    0x00039b8c   0x00039b8c   0x00000008   Data   RO         4134    sdh_state_observers0  nrf_drv_clock.o
    0x00039b94   0x00039b94   0x00000008   Data   RO         7289    sdh_state_observers0  nrf_fstorage_sd.o


    Execution Region RW_IRAM1 (Exec base: 0x20003000, Load base: 0x00039b9c, Size: 0x0000c368, Max: 0x0000feff, ABSOLUTE, COMPRESSED[0x000000fc])

    Exec Addr    Load Addr    Size         Type   Attr      Idx    E Section Name        Object

    0x20003000   COMPRESSED   0x00000001   Data   RW           18    .data               main.o
    0x20003001   COMPRESSED   0x00000003   PAD
    0x20003004   COMPRESSED   0x00000004   Data   RW           21    .data               main.o
    0x20003008   COMPRESSED   0x00000001   Data   RW          679    .data               bsp_itracker.o
    0x20003009   COMPRESSED   0x00000001   PAD
    0x2000300a   COMPRESSED   0x00000006   Data   RW          983    .data               rak_uart_gsm.o
    0x20003010   COMPRESSED   0x0000008c   Data   RW         1306    .data               dfu.o
    0x2000309c   COMPRESSED   0x00000010   Data   RW         1547    .data               dfutask.o
    0x200030ac   COMPRESSED   0x00000002   Data   RW         1548    .data               dfutask.o
    0x200030ae   COMPRESSED   0x00000002   PAD
    0x200030b0   COMPRESSED   0x00000010   Data   RW         1732    .data               bsp.o
    0x200030c0   COMPRESSED   0x00000008   Data   RW         1833    .data               bsp_btn_ble.o
    0x200030c8   COMPRESSED   0x00000008   Data   RW         2139    .data               ble_conn_params.o
    0x200030d0   COMPRESSED   0x0000000c   Data   RW         2589    .data               gatt_cache_manager.o
    0x200030dc   COMPRESSED   0x00000003   Data   RW         2733    .data               id_manager.o
    0x200030df   COMPRESSED   0x00000001   PAD
    0x200030e0   COMPRESSED   0x00000006   Data   RW         2909    .data               gatts_cache_manager.o
    0x200030e6   COMPRESSED   0x00000006   Data   RW         3188    .data               security_dispatcher.o
    0x200030ec   COMPRESSED   0x00000015   Data   RW         3331    .data               security_manager.o
    0x20003101   COMPRESSED   0x00000003   PAD
    0x20003104   COMPRESSED   0x0000000c   Data   RW         3479    .data               peer_data_storage.o
    0x20003110   COMPRESSED   0x00000003   Data   RW         3623    .data               peer_database.o
    0x20003113   COMPRESSED   0x00000001   PAD
    0x20003114   COMPRESSED   0x00000010   Data   RW         3806    .data               peer_manager.o
    0x20003124   COMPRESSED   0x0000000c   Data   RW         4251    .data               nrf_drv_uart.o
    0x20003130   COMPRESSED   0x00000010   Data   RW         4353    .data               nrf_drv_twi.o
    0x20003140   COMPRESSED   0x00000008   Data   RW         4583    .data               nrfx_rtc.o
    0x20003148   COMPRESSED   0x00000008   Data   RW         4964    .data               nrfx_clock.o
    0x20003150   COMPRESSED   0x00000008   Data   RW         5408    .data               nrfx_prs.o
    0x20003158   COMPRESSED   0x0000001c   Data   RW         5878    .data               app_uart_fifo.o
    0x20003174   COMPRESSED   0x00000014   Data   RW         7002    .data               fds.o
    0x20003188   COMPRESSED   0x00000030   Data   RW         7003    .data               fds.o
    0x200031b8   COMPRESSED   0x00000014   Data   RW         7283    .data               nrf_fstorage_sd.o
    0x200031cc   COMPRESSED   0x00000008   Data   RW         7284    .data               nrf_fstorage_sd.o
    0x200031d4   COMPRESSED   0x00000001   Data   RW         7387    .data               nrf_log_backend_rtt.o
    0x200031d5   COMPRESSED   0x00000003   PAD
    0x200031d8   COMPRESSED   0x0000000c   Data   RW         7473    .data               nrf_log_default_backends.o
    0x200031e4   COMPRESSED   0x00000008   Data   RW         7535    .data               nrf_log_frontend.o
    0x200031ec   COMPRESSED   0x00000008   Data   RW         7536    .data               nrf_log_frontend.o
    0x200031f4   COMPRESSED   0x00000040   Data   RW         7698    .data               nrf_log_str_formatter.o
    0x20003234   COMPRESSED   0x00000001   Data   RW         8010    .data               nrf_sdh_ble.o
    0x20003235   COMPRESSED   0x00000003   PAD
    0x20003238   COMPRESSED   0x00000008   Data   RW         8095    .data               nrf_sdh_freertos.o
    0x20003240   COMPRESSED   0x00000003   Data   RW         8164    .data               nrf_sdh.o
    0x20003243   COMPRESSED   0x00000001   PAD
    0x20003244   COMPRESSED   0x0000003c   Data   RW         8681    .data               tasks.o
    0x20003280   COMPRESSED   0x00000014   Data   RW         8995    .data               timers.o
    0x20003294   COMPRESSED   0x00000004   Data   RW         9132    .data               port_cmsis.o
    0x20003298   COMPRESSED   0x00000008   Data   RW         9260    .data               heap_1.o
    0x200032a0   COMPRESSED   0x00000001   Data   RW         9506    .data               nrf_crypto_init.o
    0x200032a1   COMPRESSED   0x00000003   PAD
    0x200032a4   COMPRESSED   0x00000008   Data   RW        10070    .data               blemain.o
    0x200032ac   COMPRESSED   0x00000020   Data   RW        10071    .data               blemain.o
    0x200032cc   COMPRESSED   0x00000004   Data   RW        10072    .data               blemain.o
    0x200032d0   COMPRESSED   0x00000001   Data   RW        10166    .data               rak_spi_sensor.o
    0x200032d1   COMPRESSED   0x00000002   Data   RW        10339    .data               rak_i2c_sensor.o
    0x200032d3   COMPRESSED   0x00000001   Data   RW        10653    .data               lis3dh_driver.o
    0x200032d4   COMPRESSED   0x00000004   Data   RW        11381    .data               system_nrf52.o
    0x200032d8   COMPRESSED   0x00000004   Data   RW        11954    .data               mc_w.l(mvars.o)
    0x200032dc   COMPRESSED   0x00000004   Data   RW        11955    .data               mc_w.l(mvars.o)
    0x200032e0   COMPRESSED   0x00000004   Data   RW        11959    .data               mc_w.l(errno.o)
    0x200032e4   COMPRESSED   0x00000014   Data   RW         7004    fs_data             fds.o
    0x200032f8   COMPRESSED   0x00000004   Data   RW         1311    log_dynamic_data    dfu.o
    0x200032fc   COMPRESSED   0x00000004   Data   RW         2450    log_dynamic_data    nrf_ble_gatt.o
    0x20003300   COMPRESSED   0x00000004   Data   RW         4050    log_dynamic_data    ble_nus.o
    0x20003304   COMPRESSED   0x00000004   Data   RW         4132    log_dynamic_data    nrf_drv_clock.o
    0x20003308   COMPRESSED   0x00000004   Data   RW         4437    log_dynamic_data    nrfx_twim.o
    0x2000330c   COMPRESSED   0x00000004   Data   RW         4585    log_dynamic_data    nrfx_rtc.o
    0x20003310   COMPRESSED   0x00000004   Data   RW         4726    log_dynamic_data    nrfx_gpiote.o
    0x20003314   COMPRESSED   0x00000004   Data   RW         4966    log_dynamic_data    nrfx_clock.o
    0x20003318   COMPRESSED   0x00000004   Data   RW         5104    log_dynamic_data    nrfx_uart.o
    0x2000331c   COMPRESSED   0x00000004   Data   RW         5281    log_dynamic_data    nrfx_uarte.o
    0x20003320   COMPRESSED   0x00000004   Data   RW         5410    log_dynamic_data    nrfx_prs.o
    0x20003324   COMPRESSED   0x00000004   Data   RW         5474    log_dynamic_data    nrfx_spim.o
    0x20003328   COMPRESSED   0x00000004   Data   RW         6267    log_dynamic_data    nrf_fstorage.o
    0x2000332c   COMPRESSED   0x00000004   Data   RW         6413    log_dynamic_data    nrf_pwr_mgmt.o
    0x20003330   COMPRESSED   0x00000004   Data   RW         7006    log_dynamic_data    fds.o
    0x20003334   COMPRESSED   0x00000004   Data   RW         7286    log_dynamic_data    nrf_fstorage_sd.o
    0x20003338   COMPRESSED   0x00000008   Data   RW         7538    log_dynamic_data    nrf_log_frontend.o
    0x20003340   COMPRESSED   0x00000004   Data   RW         8012    log_dynamic_data    nrf_sdh_ble.o
    0x20003344   COMPRESSED   0x00000004   Data   RW         8064    log_dynamic_data    nrf_sdh_soc.o
    0x20003348   COMPRESSED   0x00000004   Data   RW         8097    log_dynamic_data    nrf_sdh_freertos.o
    0x2000334c   COMPRESSED   0x00000004   Data   RW         8166    log_dynamic_data    nrf_sdh.o
    0x20003350        -       0x00000900   Zero   RW          677    .bss                bsp_itracker.o
    0x20003c50        -       0x00001498   Zero   RW          980    .bss                rak_uart_gsm.o
    0x200050e8        -       0x000000c6   Zero   RW         1184    .bss                gps.o
    0x200051ae   COMPRESSED   0x00000002   PAD
    0x200051b0        -       0x000002b0   Zero   RW         1304    .bss                dfu.o
    0x20005460        -       0x0000015c   Zero   RW         1546    .bss                dfutask.o
    0x200055bc        -       0x00000020   Zero   RW         1727    .bss                bsp.o
    0x200055dc        -       0x00000020   Zero   RW         1728    .bss                bsp.o
    0x200055fc        -       0x0000000c   Zero   RW         1729    .bss                bsp.o
    0x20005608        -       0x00000020   Zero   RW         1730    .bss                bsp.o
    0x20005628        -       0x00000050   Zero   RW         2138    .bss                ble_conn_params.o
    0x20005678        -       0x00000078   Zero   RW         2235    .bss                ble_conn_state.o
    0x200056f0        -       0x00000100   Zero   RW         2731    .bss                id_manager.o
    0x200057f0        -       0x00000040   Zero   RW         2985    .bss                peer_id.o
    0x20005830        -       0x00000040   Zero   RW         3186    .bss                security_dispatcher.o
    0x20005870        -       0x000000d0   Zero   RW         3621    .bss                peer_database.o
    0x20005940        -       0x0000000c   Zero   RW         3804    .bss                peer_manager.o
    0x2000594c        -       0x00000014   Zero   RW         4125    .bss                nrf_drv_clock.o
    0x20005960        -       0x00000018   Zero   RW         4302    .bss                nrf_drv_spi.o
    0x20005978        -       0x00000034   Zero   RW         4430    .bss                nrfx_twim.o
    0x200059ac        -       0x0000005c   Zero   RW         4719    .bss                nrfx_gpiote.o
    0x20005a08        -       0x0000002c   Zero   RW         5097    .bss                nrfx_uart.o
    0x20005a34        -       0x00000024   Zero   RW         5274    .bss                nrfx_uarte.o
    0x20005a58        -       0x00000024   Zero   RW         5467    .bss                nrfx_spim.o
    0x20005a7c        -       0x00000020   Zero   RW         5876    .bss                app_uart_fifo.o
    0x20005a9c        -       0x0000000c   Zero   RW         5957    .bss                app_util_platform.o
    0x20005aa8        -       0x000000e0   Zero   RW         6999    .bss                fds.o
    0x20005b88        -       0x000000a0   Zero   RW         7279    .bss                nrf_fstorage_sd.o
    0x20005c28        -       0x00000040   Zero   RW         7384    .bss                nrf_log_backend_rtt.o
    0x20005c68        -       0x000000c0   Zero   RW         7532    .bss                nrf_log_frontend.o
    0x20005d28        -       0x00000424   Zero   RW         7533    .bss                nrf_log_frontend.o
    0x2000614c        -       0x00000288   Zero   RW         7780    .bss                segger_rtt.o
    0x200063d4        -       0x00000010   Zero   RW         8463    .bss                queue.o
    0x200063e4        -       0x000000a0   Zero   RW         8680    .bss                tasks.o
    0x20006484        -       0x00000028   Zero   RW         8994    .bss                timers.o
    0x200064ac        -       0x00004000   Zero   RW         9259    .bss                heap_1.o
    0x2000a4ac        -       0x00000080   Zero   RW        10067    .bss                blemain.o
    0x2000a52c        -       0x00000080   Zero   RW        10068    .bss                blemain.o
    0x2000a5ac        -       0x000000cc   Zero   RW        10069    .bss                blemain.o
    0x2000a678        -       0x00000400   Zero   RW        10164    .bss                rak_spi_sensor.o
    0x2000aa78        -       0x00000040   Zero   RW        10230    .bss                rak_spi_bme280.o
    0x2000aab8        -       0x0000000e   Zero   RW        10337    .bss                rak_i2c_sensor.o
    0x2000aac6   COMPRESSED   0x00000002   PAD
    0x2000aac8        -       0x00000400   Zero   RW        10543    .bss                rak_i2c_lis2mdl.o
    0x2000aec8        -       0x000004a0   Zero   RW        11325    .bss                sensormain.o
    0x2000b368        -       0x00002000   Zero   RW        11370    HEAP                arm_startup_nrf52.o
    0x2000d368        -       0x00002000   Zero   RW        11369    STACK               arm_startup_nrf52.o



  Load Region LR$$.ARM.__AT_0x0007E000 (Base: 0x0007e000, Size: 0x00000000, Max: 0x00001000, ABSOLUTE)

    Execution Region ER$$.ARM.__AT_0x0007E000 (Exec base: 0x0007e000, Load base: 0x0007e000, Size: 0x00001000, Max: 0x00001000, ABSOLUTE, UNINIT)

    Exec Addr    Load Addr    Size         Type   Attr      Idx    E Section Name        Object

    0x0007e000        -       0x00001000   Zero   RW         1301    .ARM.__AT_0x0007E000  dfu.o



  Load Region LR$$.ARM.__AT_0x0007F000 (Base: 0x0007f000, Size: 0x00000000, Max: 0x00001000, ABSOLUTE)

    Execution Region ER$$.ARM.__AT_0x0007F000 (Exec base: 0x0007f000, Load base: 0x0007f000, Size: 0x00001000, Max: 0x00001000, ABSOLUTE, UNINIT)

    Exec Addr    Load Addr    Size         Type   Attr      Idx    E Section Name        Object

    0x0007f000        -       0x00001000   Zero   RW         1302    .ARM.__AT_0x0007F000  dfu.o



  Load Region LR$$.ARM.__AT_0x10001018 (Base: 0x10001018, Size: 0x00000004, Max: 0x00000004, ABSOLUTE)

    Execution Region ER$$.ARM.__AT_0x10001018 (Exec base: 0x10001018, Load base: 0x10001018, Size: 0x00000004, Max: 0x00000004, ABSOLUTE, UNINIT)

    Exec Addr    Load Addr    Size         Type   Attr      Idx    E Section Name        Object

    0x10001018   0x10001018   0x00000004   Data   RO         1303    .ARM.__AT_0x10001018  dfu.o


==============================================================================

Image component sizes


      Code (inc. data)   RO Data    RW Data    ZI Data      Debug   Object Name

        22          0          0          0          0       2469   app_error.o
       124         40          0          0          0       3950   app_error_weak.o
       118          0          0          0          0       5062   app_fifo.o
         0          0          0          0          0      21990   app_scheduler.o
       386         18          0          0          0      10039   app_timer_freertos.o
       564         70         32         28         32      21951   app_uart_fifo.o
       124         14          0          0         12       9522   app_util_platform.o
        36          8        512          0      16384        932   arm_startup_nrf52.o
        88          0          0          0          0      35667   ble_advdata.o
       802          6          0          0          0      13970   ble_advertising.o
       636         44          8          8         80      12751   ble_conn_params.o
       668         46          8          0        120      13381   ble_conn_state.o
        72          0          0          0          0       2840   ble_link_ctx_manager.o
       818          4         32          4          0       9676   ble_nus.o
         8          0          0          0          0       1478   ble_srv_common.o
      1594        506         40         44        460      15770   blemain.o
      2892        268          0          0          0      20510   bme280.o
       194         26          8          0          0      10155   boards.o
       724         58         44         16        108      10513   bsp.o
       166          6          8          8          0       5044   bsp_btn_ble.o
       196         28         32          1       2304      48427   bsp_itracker.o
         0          0        277          0          0       8859   dfu-cc.pb.o
       948        402         29        144       8880      28312   dfu.o
      1704        584          0         18        348      33718   dfutask.o
         0          0          0          0          0      12556   event_groups.o
      3558        328         47         92        224      49194   fds.o
       940         94         80         12          0      20340   gatt_cache_manager.o
       462         32         24          6          0       8597   gatts_cache_manager.o
       408          4          0          0        198       3887   gps.o
        78          8          0          8      16384       2515   heap_1.o
      1156         58          8          3        256      25285   id_manager.o
       366          0          0          0          0       9920   lis2mdl_reg.o
       450          6          0          1          0       5920   lis3dh_driver.o
       138          0          0          0          0       4006   list.o
       914        332          0          5          0     200001   main.o
        34          0         12          0          0      24032   micro_ecc_backend_ecc.o
        86          0          0          0          0       2386   micro_ecc_backend_ecdsa.o
       342          0          0          0          0       8810   nrf_atfifo.o
       170          0          0          0          0       4788   nrf_atflags.o
       332          0          0          0          0      10214   nrf_atomic.o
       164          0          0          0          0       3668   nrf_balloc.o
      1722        750        361          4          0      38318   nrf_ble_gatt.o
       124          4          0          0          0       5597   nrf_crypto_ecc.o
        88          4          0          0          0       2346   nrf_crypto_ecdsa.o
       230         12          0          0          0       5475   nrf_crypto_hash.o
        64         14          0          1          0       2229   nrf_crypto_init.o
        48          0          0          0          0       2464   nrf_crypto_shared.o
       382         40         30          4         20      39324   nrf_drv_clock.o
       168         18         16          0         24      15755   nrf_drv_spi.o
       328         16          6         16          0      24275   nrf_drv_twi.o
       200         26          0         12          0      17744   nrf_drv_uart.o
        50          0          0          0          0       3581   nrf_fprintf.o
       850          4         16          0          0       5514   nrf_fprintf_format.o
      1020        432        194          4          0       9072   nrf_fstorage.o
       798         82         94         32        160      16337   nrf_fstorage_sd.o
       112         18         18          1         64       5885   nrf_log_backend_rtt.o
       200          0          0          0          0      10835   nrf_log_backend_serial.o
        28          6          0         12          0       3222   nrf_log_default_backends.o
      1676        122         64         24       1252      32185   nrf_log_frontend.o
       566        108        102         64          0       5836   nrf_log_str_formatter.o
       330          0          0          0          0       8207   nrf_memobj.o
       144         16          0          0          0       2859   nrf_nvmc.o
         0          0         17          4          0       5093   nrf_pwr_mgmt.o
       656         60        104          7          0      41243   nrf_sdh.o
       752        226        539          5          0       7737   nrf_sdh_ble.o
       264        118         25         12          0       5869   nrf_sdh_freertos.o
        60          4         56          4          0       2596   nrf_sdh_soc.o
        78          0          0          0          0       2804   nrf_section_iter.o
        76         10       1319          0          0       2767   nrf_strerror.o
        48          0         24          0          0       3924   nrf_sw_backend_hash.o
       298         40         14         12          0      14394   nrfx_clock.o
       518         30         19          4         92      19730   nrfx_gpiote.o
       112         16         12         12          0       4612   nrfx_prs.o
       188         12         12         12          0       8490   nrfx_rtc.o
      1018         30         17          4         36      22622   nrfx_spim.o
      1574         58         37          4         52      60856   nrfx_twim.o
      1560         46         17          4         44      30785   nrfx_uart.o
      1394         48         18          4         36      24513   nrfx_uarte.o
       208          0          0          0          0       3564   pb_common.o
      2320         14         36          0          0      28602   pb_decode.o
      1010         46         24         12          0      19516   peer_data_storage.o
      1200         60         16          3        208      23954   peer_database.o
       336         38          0          0         64       9219   peer_id.o
       756         50         24         16         12      14566   peer_manager.o
       242          0          0          0          0       5595   pm_buffer.o
       226          0          0          0          0       5433   pm_mutex.o
       160         14          0          0          0        700   port.o
       168         34          4          4          0      36262   port_cmsis.o
       432         36          0          0          0      41582   port_cmsis_systick.o
         0          0         64          0          0        817   public_key.o
      1170         22          0          0         16      14434   queue.o
       304         22         16          0       1024      10042   rak_i2c_lis2mdl.o
       158          4         16          0          0      16427   rak_i2c_lis3dh.o
       252         68         16          0          0      14170   rak_i2c_opt3001.o
       298         42         16          2         14      18515   rak_i2c_sensor.o
       358         30         24          0         64      23851   rak_spi_bme280.o
       238         50         16          1       1024       9239   rak_spi_sensor.o
      2736        882        256          6       5272      18571   rak_uart_gsm.o
      2048         92        104          6         64      30314   security_dispatcher.o
      1054         70          4         21          0      48960   security_manager.o
       438         40          0          0        648       9960   segger_rtt.o
       900          6         16          0          0       6473   segger_rtt_printf.o
       248          8          0          0          0       3974   sensor_opt3001.o
      1080        356        150          0       1184       4143   sensormain.o
       740         40        256          0          0       5292   sha256.o
       784         70          0          4          0       2959   system_nrf52.o
      2128        204          0         60        160      27832   tasks.o
       868         82          0         20         40      12420   timers.o
         0          0          0          0          0       2600   utilities.o

    ----------------------------------------------------------------------
     63178       7740       5492        836      57368    1728186   Object Totals
         0          0         32          0          0          0   (incl. Generated)
       112          0         70         21          4          0   (incl. Padding)

    ----------------------------------------------------------------------

      Code (inc. data)   RO Data    RW Data    ZI Data      Debug   Library Member Name

        84         16          0          0          0        372   dunder.o
       872        142         88          0          0        412   exp.o
       392         60          0          0          0        180   exp2.o
        48          0          0          0          0        124   fpclassify.o
       226          8          0          0          0        308   ldexp.o
       226          6          0          0          0        276   modf.o
       248          0          0          0          0        152   poly.o
        86          0          0          0          0          0   __dczerorl2.o
        28          0          0          0          0         68   _chval.o
       158          0          0          0          0         92   _strtoul.o
        26          0          0          0          0         80   atoi.o
         8          4        133          0          0         68   ctype_o.o
         0          0          0          0          0          0   entry.o
         0          0          0          0          0          0   entry10a.o
         0          0          0          0          0          0   entry11a.o
         8          4          0          0          0          0   entry2.o
         4          0          0          0          0          0   entry5.o
         0          0          0          0          0          0   entry7b.o
         0          0          0          0          0          0   entry8b.o
         8          4          0          0          0          0   entry9a.o
        20         10          0          4          0        136   errno.o
        30          0          0          0          0          0   handlers.o
        36          8          0          0          0         68   init.o
         0          0          0          0          0          0   iusefp.o
        30          0          0          0          0         68   llshl.o
        36          0          0          0          0         68   llsshr.o
        32          0          0          0          0         68   llushr.o
       188         20          0          0          0        160   malloc.o
        26          0          0          0          0         80   memcmp.o
        36          0          0          0          0         68   memcpya.o
        36          0          0          0          0        108   memseta.o
         0          0          0          8          0          0   mvars.o
      2276         86          0          0          0        520   printfa.o
        18          0          0          0          0         68   strcpy.o
        14          0          0          0          0         68   strlen.o
        36          0          0          0          0         80   strstr.o
       112          0          0          0          0         88   strtol.o
        44          0          0          0          0         80   uidiv.o
        98          0          0          0          0         92   uldiv.o
        48          0          0          0          0         68   cdcmple.o
        48          0          0          0          0         68   cdrcmple.o
        56          0          0          0          0         88   d2f.o
       334          0          0          0          0        148   dadd.o
       222          0          0          0          0        100   ddiv.o
       186          0          0          0          0        176   depilogue.o
        62          0          0          0          0         80   dfixi.o
        48          0          0          0          0         68   dfixul.o
        34          0          0          0          0         76   dflti.o
        26          0          0          0          0         76   dfltui.o
       228          0          0          0          0         96   dmul.o
        46          0          0          0          0         80   dscalb.o
        38          0          0          0          0         68   f2d.o
       110          0          0          0          0        168   fepilogue.o
      4732         12        176          0          0      44039   uECC.c.o

    ----------------------------------------------------------------------
     11730        380        400         12          0      49351   Library Totals
        22          0          3          0          0          0   (incl. Padding)

    ----------------------------------------------------------------------

      Code (inc. data)   RO Data    RW Data    ZI Data      Debug   Library Name

      2096        232         88          0          0       1824   m_wm.l
      3394        136        133         12          0       2128   mc_w.l
      1486          0          0          0          0       1360   mf_w.l
      4732         12        176          0          0      44039   micro_ecc_lib_nrf52.lib

    ----------------------------------------------------------------------
     11730        380        400         12          0      49351   Library Totals

    ----------------------------------------------------------------------

==============================================================================


      Code (inc. data)   RO Data    RW Data    ZI Data      Debug   

     74908       8120       5892        848      57368    1697897   Grand Totals
     74908       8120       5892        252      57368    1697897   ELF Image Totals (compressed)
     74908       8120       5892        252          0          0   ROM Totals

==============================================================================

    Total RO  Size (Code + RO Data)                80800 (  78.91kB)
    Total RW  Size (RW Data + ZI Data)             58216 (  56.85kB)
    Total ROM Size (Code + RO Data + RW Data)      81052 (  79.15kB)

==============================================================================

